Component: ARM Compiler 5.05 update 1 (build 106) Tool: armlink [4d0efa]

==============================================================================

Section Cross References

    app.o(i.APPInitialize) refers to halcommon.o(i.HalInitialize) for HalInitialize
    app.o(i.APPInitialize) refers to printf1.o(i.__0printf$1) for __2printf
    app.o(i.APPPoll) refers to halcommon.o(i.HalPoll) for HalPoll
    main.o(i.main) refers to app.o(i.APPInitialize) for APPInitialize
    main.o(i.main) refers to app.o(i.APPPoll) for APPPoll
    halcommon.o(i.HalInitialize) refers to halcommon.o(i.periphClockInit) for periphClockInit
    halcommon.o(i.HalInitialize) refers to haltimer.o(i.HalTimerInitialize) for HalTimerInitialize
    halcommon.o(i.HalInitialize) refers to halgpio.o(i.HalGPIOInitialize) for HalGPIOInitialize
    halcommon.o(i.HalInitialize) refers to haluart.o(i.HalUartInitialize) for HalUartInitialize
    halcommon.o(i.HalInitialize) refers to halspi.o(i.HalSpiInitialize) for HalSpiInitialize
    halcommon.o(i.HalInitialize) refers to halcommon.o(i.debugUartInit) for debugUartInit
    halcommon.o(i.HalInitialize) refers to printf1.o(i.__0printf$1) for __2printf
    halcommon.o(i.HalInitialize) refers to cc1101.o(i.CC1101Initialize) for CC1101Initialize
    halcommon.o(i.HalInitialize) refers to halcommon.o(i.ledConfig) for ledConfig
    halcommon.o(i.HalInitialize) refers to cc1101.o(i.CC1101ReadID) for CC1101ReadID
    halcommon.o(i.HalInitialize) refers to halcommon.o(i.cc1101DataHandle) for cc1101DataHandle
    halcommon.o(i.HalInterruptsGetEnable) refers to halcommon.o(.data) for g_intEnable
    halcommon.o(i.HalInterruptsSetEnable) refers to halcommon.o(.data) for g_intEnable
    halcommon.o(i.HalPoll) refers to halgpio.o(i.HalGPIOPoll) for HalGPIOPoll
    halcommon.o(i.HalPoll) refers to halspi.o(i.HalSpiPoll) for HalSpiPoll
    halcommon.o(i.HalPoll) refers to haluart.o(i.HalUartPoll) for HalUartPoll
    halcommon.o(i.HalPoll) refers to cc1101.o(i.CC1101Poll) for CC1101Poll
    halcommon.o(i.HalReboot) refers to halcommon.o(.data) for reboot
    halcommon.o(i.HalRunningTime) refers to halcommon.o(.data) for g_timerCount
    halcommon.o(i.HalTimerPast1ms) refers to halcommon.o(.data) for g_timerCount
    halcommon.o(i.cc1101DataHandle) refers to halgpio.o(i.HalGPIOGetLevel) for HalGPIOGetLevel
    halcommon.o(i.cc1101DataHandle) refers to halgpio.o(i.HalGPIOSetLevel) for HalGPIOSetLevel
    halcommon.o(i.cc1101DataHandle) refers to printf1.o(i.__0printf$1) for __2printf
    halcommon.o(i.debugUartInit) refers to haluart.o(i.HalUartConfig) for HalUartConfig
    halcommon.o(i.fputc) refers to haluart.o(i.HalUartWrite) for HalUartWrite
    halcommon.o(i.ledConfig) refers to halgpio.o(i.HalGPIOConfig) for HalGPIOConfig
    halcommon.o(i.ledConfig) refers to halgpio.o(i.HalGPIOSetLevel) for HalGPIOSetLevel
    halcommon.o(i.periphClockInit) refers to stm32f10x_rcc.o(i.RCC_AHBPeriphClockCmd) for RCC_AHBPeriphClockCmd
    halcommon.o(i.periphClockInit) refers to stm32f10x_rcc.o(i.RCC_APB2PeriphClockCmd) for RCC_APB2PeriphClockCmd
    halcommon.o(i.periphClockInit) refers to stm32f10x_rcc.o(i.RCC_APB1PeriphClockCmd) for RCC_APB1PeriphClockCmd
    halgpio.o(i.HalGPIOConfig) refers to halgpio.o(i.ioToPin) for ioToPin
    halgpio.o(i.HalGPIOConfig) refers to halgpio.o(i.ioToPort) for ioToPort
    halgpio.o(i.HalGPIOConfig) refers to stm32f10x_gpio.o(i.GPIO_Init) for GPIO_Init
    halgpio.o(i.HalGPIOGetLevel) refers to halgpio.o(i.ioToPin) for ioToPin
    halgpio.o(i.HalGPIOGetLevel) refers to halgpio.o(i.ioToPort) for ioToPort
    halgpio.o(i.HalGPIOGetLevel) refers to stm32f10x_gpio.o(i.GPIO_ReadInputDataBit) for GPIO_ReadInputDataBit
    halgpio.o(i.HalGPIOSetLevel) refers to halgpio.o(i.ioToPin) for ioToPin
    halgpio.o(i.HalGPIOSetLevel) refers to halgpio.o(i.ioToPort) for ioToPort
    halgpio.o(i.HalGPIOSetLevel) refers to stm32f10x_gpio.o(i.GPIO_WriteBit) for GPIO_WriteBit
    halspi.o(i.HalSpiInitialize) refers to stm32f10x_gpio.o(i.GPIO_Init) for GPIO_Init
    halspi.o(i.HalSpiInitialize) refers to stm32f10x_spi.o(i.SPI_I2S_DeInit) for SPI_I2S_DeInit
    halspi.o(i.HalSpiInitialize) refers to stm32f10x_spi.o(i.SPI_Init) for SPI_Init
    halspi.o(i.HalSpiInitialize) refers to stm32f10x_spi.o(i.SPI_I2S_ClearFlag) for SPI_I2S_ClearFlag
    halspi.o(i.HalSpiInitialize) refers to stm32f10x_spi.o(i.SPI_Cmd) for SPI_Cmd
    halspi.o(i.HalSpiReadWrite) refers to stm32f10x_spi.o(i.SPI_I2S_GetFlagStatus) for SPI_I2S_GetFlagStatus
    halspi.o(i.HalSpiReadWrite) refers to stm32f10x_spi.o(i.SPI_I2S_SendData) for SPI_I2S_SendData
    halspi.o(i.HalSpiReadWrite) refers to stm32f10x_spi.o(i.SPI_I2S_ReceiveData) for SPI_I2S_ReceiveData
    haltimer.o(i.HalTimerDisable) refers to stm32f10x_tim.o(i.TIM_ClearITPendingBit) for TIM_ClearITPendingBit
    haltimer.o(i.HalTimerDisable) refers to stm32f10x_tim.o(i.TIM_ITConfig) for TIM_ITConfig
[...]
    entry.o(.ARM.Collect$$$$00000000) refers (Special) to entry2.o(.ARM.Collect$$$$00000001) for _main_stk
    printfb.o(i.__0fprintf$bare) refers to printfb.o(i._printf_core) for _printf_core
    printfb.o(i.__0fprintf$bare) refers to halcommon.o(i.fputc) for fputc
    printfb.o(i.__0printf$bare) refers to printfb.o(i._printf_core) for _printf_core
    printfb.o(i.__0printf$bare) refers to halcommon.o(i.fputc) for fputc
    printfb.o(i.__0printf$bare) refers to stdout.o(.data) for __stdout
    printfb.o(i.__0snprintf$bare) refers to printfb.o(i._printf_core) for _printf_core
    printfb.o(i.__0snprintf$bare) refers to printfb.o(i._snputc) for _snputc
    printfb.o(i.__0sprintf$bare) refers to printfb.o(i._printf_core) for _printf_core
    printfb.o(i.__0sprintf$bare) refers to printfb.o(i._sputc) for _sputc
    printfb.o(i.__0vfprintf$bare) refers to printfb.o(i._printf_core) for _printf_core
    printfb.o(i.__0vfprintf$bare) refers to halcommon.o(i.fputc) for fputc
    printfb.o(i.__0vprintf$bare) refers to printfb.o(i._printf_core) for _printf_core
    printfb.o(i.__0vprintf$bare) refers to halcommon.o(i.fputc) for fputc
    printfb.o(i.__0vprintf$bare) refers to stdout.o(.data) for __stdout
    printfb.o(i.__0vsnprintf$bare) refers to printfb.o(i._printf_core) for _printf_core
    printfb.o(i.__0vsnprintf$bare) refers to printfb.o(i._snputc) for _snputc
    printfb.o(i.__0vsprintf$bare) refers to printfb.o(i._printf_core) for _printf_core
    printfb.o(i.__0vsprintf$bare) refers to printfb.o(i._sputc) for _sputc
    printf0.o(i.__0fprintf$0) refers to printf0.o(i._printf_core) for _printf_core
    printf0.o(i.__0fprintf$0) refers to halcommon.o(i.fputc) for fputc
    printf0.o(i.__0printf$0) refers to printf0.o(i._printf_core) for _printf_core
    printf0.o(i.__0printf$0) refers to halcommon.o(i.fputc) for fputc
    printf0.o(i.__0printf$0) refers to stdout.o(.data) for __stdout
    printf0.o(i.__0snprintf$0) refers to printf0.o(i._printf_core) for _printf_core
    printf0.o(i.__0snprintf$0) refers to printf0.o(i._snputc) for _snputc
    printf0.o(i.__0sprintf$0) refers to printf0.o(i._printf_core) for _printf_core
    printf0.o(i.__0sprintf$0) refers to printf0.o(i._sputc) for _sputc
    printf0.o(i.__0vfprintf$0) refers to printf0.o(i._printf_core) for _printf_core
    printf0.o(i.__0vfprintf$0) refers to halcommon.o(i.fputc) for fputc
    printf0.o(i.__0vprintf$0) refers to printf0.o(i._printf_core) for _printf_core
    printf0.o(i.__0vprintf$0) refers to halcommon.o(i.fputc) for fputc
    printf0.o(i.__0vprintf$0) refers to stdout.o(.data) for __stdout
    printf0.o(i.__0vsnprintf$0) refers to printf0.o(i._printf_core) for _printf_core
    printf0.o(i.__0vsnprintf$0) refers to printf0.o(i._snputc) for _snputc
    printf0.o(i.__0vsprintf$0) refers to printf0.o(i._printf_core) for _printf_core
    printf0.o(i.__0vsprintf$0) refers to printf0.o(i._sputc) for _sputc
    printf1.o(i.__0fprintf$1) refers to printf1.o(i._printf_core) for _printf_core
    printf1.o(i.__0fprintf$1) refers to halcommon.o(i.fputc) for fputc
    printf1.o(i.__0printf$1) refers to printf1.o(i._printf_core) for _printf_core
    printf1.o(i.__0printf$1) refers to halcommon.o(i.fputc) for fputc
    printf1.o(i.__0printf$1) refers to stdout.o(.data) for __stdout
    printf1.o(i.__0snprintf$1) refers to printf1.o(i._printf_core) for _printf_core
    printf1.o(i.__0snprintf$1) refers to printf1.o(i._snputc) for _snputc
    printf1.o(i.__0sprintf$1) refers to printf1.o(i._printf_core) for _printf_core
    printf1.o(i.__0sprintf$1) refers to printf1.o(i._sputc) for _sputc
    printf1.o(i.__0vfprintf$1) refers to printf1.o(i._printf_core) for _printf_core
    printf1.o(i.__0vfprintf$1) refers to halcommon.o(i.fputc) for fputc
    printf1.o(i.__0vprintf$1) refers to printf1.o(i._printf_core) for _printf_core
    printf1.o(i.__0vprintf$1) refers to halcommon.o(i.fputc) for fputc
    printf1.o(i.__0vprintf$1) refers to stdout.o(.data) for __stdout
    printf1.o(i.__0vsnprintf$1) refers to printf1.o(i._printf_core) for _printf_core
    printf1.o(i.__0vsnprintf$1) refers to printf1.o(i._snputc) for _snputc
    printf1.o(i.__0vsprintf$1) refers to printf1.o(i._printf_core) for _printf_core
    printf1.o(i.__0vsprintf$1) refers to printf1.o(i._sputc) for _sputc
    printf1.o(i._printf_core) refers to uidiv.o(.text) for __aeabi_uidivmod
    printf2.o(i.__0fprintf$2) refers to printf2.o(i._printf_core) for _printf_core
    printf2.o(i.__0fprintf$2) refers to halcommon.o(i.fputc) for fputc
    printf2.o(i.__0printf$2) refers to printf2.o(i._printf_core) for _printf_core
    printf2.o(i.__0printf$2) refers to halcommon.o(i.fputc) for fputc
    printf2.o(i.__0printf$2) refers to stdout.o(.data) for __stdout
    printf2.o(i.__0snprintf$2) refers to printf2.o(i._printf_core) for _printf_core
    printf2.o(i.__0snprintf$2) refers to printf2.o(i._snputc) for _snputc
    printf2.o(i.__0sprintf$2) refers to printf2.o(i._printf_core) for _printf_core
    printf2.o(i.__0sprintf$2) refers to printf2.o(i._sputc) for _sputc
    printf2.o(i.__0vfprintf$2) refers to printf2.o(i._printf_core) for _printf_core
    printf2.o(i.__0vfprintf$2) refers to halcommon.o(i.fputc) for fputc
    printf2.o(i.__0vprintf$2) refers to printf2.o(i._printf_core) for _printf_core
    printf2.o(i.__0vprintf$2) refers to halcommon.o(i.fputc) for fputc
    printf2.o(i.__0vprintf$2) refers to stdout.o(.data) for __stdout
    printf2.o(i.__0vsnprintf$2) refers to printf2.o(i._printf_core) for _printf_core
    printf2.o(i.__0vsnprintf$2) refers to printf2.o(i._snputc) for _snputc
    printf2.o(i.__0vsprintf$2) refers to printf2.o(i._printf_core) for _printf_core
    printf2.o(i.__0vsprintf$2) refers to printf2.o(i._sputc) for _sputc
    printf3.o(i.__0fprintf$3) refers to printf3.o(i._printf_core) for _printf_core
    printf3.o(i.__0fprintf$3) refers to halcommon.o(i.fputc) for fputc
    printf3.o(i.__0printf$3) refers to printf3.o(i._printf_core) for _printf_core
    printf3.o(i.__0printf$3) refers to halcommon.o(i.fputc) for fputc
    printf3.o(i.__0printf$3) refers to stdout.o(.data) for __stdout
    printf3.o(i.__0snprintf$3) refers to printf3.o(i._printf_core) for _printf_core
    printf3.o(i.__0snprintf$3) refers to printf3.o(i._snputc) for _snputc
    printf3.o(i.__0sprintf$3) refers to printf3.o(i._printf_core) for _printf_core
    printf3.o(i.__0sprintf$3) refers to printf3.o(i._sputc) for _sputc
    printf3.o(i.__0vfprintf$3) refers to printf3.o(i._printf_core) for _printf_core
    printf3.o(i.__0vfprintf$3) refers to halcommon.o(i.fputc) for fputc
    printf3.o(i.__0vprintf$3) refers to printf3.o(i._printf_core) for _printf_core
    printf3.o(i.__0vprintf$3) refers to halcommon.o(i.fputc) for fputc
    printf3.o(i.__0vprintf$3) refers to stdout.o(.data) for __stdout
    printf3.o(i.__0vsnprintf$3) refers to printf3.o(i._printf_core) for _printf_core
    printf3.o(i.__0vsnprintf$3) refers to printf3.o(i._snputc) for _snputc
    printf3.o(i.__0vsprintf$3) refers to printf3.o(i._printf_core) for _printf_core
    printf3.o(i.__0vsprintf$3) refers to printf3.o(i._sputc) for _sputc
    printf3.o(i._printf_core) refers to uidiv.o(.text) for __aeabi_uidivmod
    printf4.o(i.__0fprintf$4) refers to printf4.o(i._printf_core) for _printf_core
    printf4.o(i.__0fprintf$4) refers to halcommon.o(i.fputc) for fputc
    printf4.o(i.__0printf$4) refers to printf4.o(i._printf_core) for _printf_core
    printf4.o(i.__0printf$4) refers to halcommon.o(i.fputc) for fputc
    printf4.o(i.__0printf$4) refers to stdout.o(.data) for __stdout
    printf4.o(i.__0snprintf$4) refers to printf4.o(i._printf_core) for _printf_core
    printf4.o(i.__0snprintf$4) refers to printf4.o(i._snputc) for _snputc
    printf4.o(i.__0sprintf$4) refers to printf4.o(i._printf_core) for _printf_core
    printf4.o(i.__0sprintf$4) refers to printf4.o(i._sputc) for _sputc
    printf4.o(i.__0vfprintf$4) refers to printf4.o(i._printf_core) for _printf_core
    printf4.o(i.__0vfprintf$4) refers to halcommon.o(i.fputc) for fputc
    printf4.o(i.__0vprintf$4) refers to printf4.o(i._printf_core) for _printf_core
    printf4.o(i.__0vprintf$4) refers to halcommon.o(i.fputc) for fputc
    printf4.o(i.__0vprintf$4) refers to stdout.o(.data) for __stdout
    printf4.o(i.__0vsnprintf$4) refers to printf4.o(i._printf_core) for _printf_core
    printf4.o(i.__0vsnprintf$4) refers to printf4.o(i._snputc) for _snputc
    printf4.o(i.__0vsprintf$4) refers to printf4.o(i._printf_core) for _printf_core
    printf4.o(i.__0vsprintf$4) refers to printf4.o(i._sputc) for _sputc
    printf4.o(i._printf_core) refers to uldiv.o(.text) for __aeabi_uldivmod
    printf5.o(i.__0fprintf$5) refers to printf5.o(i._printf_core) for _printf_core
    printf5.o(i.__0fprintf$5) refers to halcommon.o(i.fputc) for fputc
    printf5.o(i.__0printf$5) refers to printf5.o(i._printf_core) for _printf_core
    printf5.o(i.__0printf$5) refers to halcommon.o(i.fputc) for fputc
    printf5.o(i.__0printf$5) refers to stdout.o(.data) for __stdout
    printf5.o(i.__0snprintf$5) refers to printf5.o(i._printf_core) for _printf_core
    printf5.o(i.__0snprintf$5) refers to printf5.o(i._snputc) for _snputc
    printf5.o(i.__0sprintf$5) refers to printf5.o(i._printf_core) for _printf_core
    printf5.o(i.__0sprintf$5) refers to printf5.o(i._sputc) for _sputc
    printf5.o(i.__0vfprintf$5) refers to printf5.o(i._printf_core) for _printf_core
    printf5.o(i.__0vfprintf$5) refers to halcommon.o(i.fputc) for fputc
    printf5.o(i.__0vprintf$5) refers to printf5.o(i._printf_core) for _printf_core
    printf5.o(i.__0vprintf$5) refers to halcommon.o(i.fputc) for fputc
    printf5.o(i.__0vprintf$5) refers to stdout.o(.data) for __stdout
    printf5.o(i.__0vsnprintf$5) refers to printf5.o(i._printf_core) for _printf_core
    printf5.o(i.__0vsnprintf$5) refers to printf5.o(i._snputc) for _snputc
    printf5.o(i.__0vsprintf$5) refers to printf5.o(i._printf_core) for _printf_core
    printf5.o(i.__0vsprintf$5) refers to printf5.o(i._sputc) for _sputc
    printf5.o(i._printf_core) refers to uldiv.o(.text) for __aeabi_uldivmod
    printf6.o(i.__0fprintf$6) refers to printf6.o(i._printf_core) for _printf_core
    printf6.o(i.__0fprintf$6) refers to halcommon.o(i.fputc) for fputc
    printf6.o(i.__0printf$6) refers to printf6.o(i._printf_core) for _printf_core
    printf6.o(i.__0printf$6) refers to halcommon.o(i.fputc) for fputc
    printf6.o(i.__0printf$6) refers to stdout.o(.data) for __stdout
    printf6.o(i.__0snprintf$6) refers to printf6.o(i._printf_core) for _printf_core
    printf6.o(i.__0snprintf$6) refers to printf6.o(i._snputc) for _snputc
    printf6.o(i.__0sprintf$6) refers to printf6.o(i._printf_core) for _printf_core
    printf6.o(i.__0sprintf$6) refers to printf6.o(i._sputc) for _sputc
    printf6.o(i.__0vfprintf$6) refers to printf6.o(i._printf_core) for _printf_core
    printf6.o(i.__0vfprintf$6) refers to halcommon.o(i.fputc) for fputc
    printf6.o(i.__0vprintf$6) refers to printf6.o(i._printf_core) for _printf_core
    printf6.o(i.__0vprintf$6) refers to halcommon.o(i.fputc) for fputc
    printf6.o(i.__0vprintf$6) refers to stdout.o(.data) for __stdout
    printf6.o(i.__0vsnprintf$6) refers to printf6.o(i._printf_core) for _printf_core
    printf6.o(i.__0vsnprintf$6) refers to printf6.o(i._snputc) for _snputc
    printf6.o(i.__0vsprintf$6) refers to printf6.o(i._printf_core) for _printf_core
    printf6.o(i.__0vsprintf$6) refers to printf6.o(i._sputc) for _sputc
    printf6.o(i._printf_core) refers to printf6.o(i._printf_pre_padding) for _printf_pre_padding
    printf6.o(i._printf_core) refers to uidiv.o(.text) for __aeabi_uidivmod
    printf6.o(i._printf_core) refers to printf6.o(i._printf_post_padding) for _printf_post_padding
    printf7.o(i.__0fprintf$7) refers to printf7.o(i._printf_core) for _printf_core
    printf7.o(i.__0fprintf$7) refers to halcommon.o(i.fputc) for fputc
    printf7.o(i.__0printf$7) refers to printf7.o(i._printf_core) for _printf_core
    printf7.o(i.__0printf$7) refers to halcommon.o(i.fputc) for fputc
    printf7.o(i.__0printf$7) refers to stdout.o(.data) for __stdout
    printf7.o(i.__0snprintf$7) refers to printf7.o(i._printf_core) for _printf_core
    printf7.o(i.__0snprintf$7) refers to printf7.o(i._snputc) for _snputc
    printf7.o(i.__0sprintf$7) refers to printf7.o(i._printf_core) for _printf_core
    printf7.o(i.__0sprintf$7) refers to printf7.o(i._sputc) for _sputc
    printf7.o(i.__0vfprintf$7) refers to printf7.o(i._printf_core) for _printf_core
    printf7.o(i.__0vfprintf$7) refers to halcommon.o(i.fputc) for fputc
    printf7.o(i.__0vprintf$7) refers to printf7.o(i._printf_core) for _printf_core
    printf7.o(i.__0vprintf$7) refers to halcommon.o(i.fputc) for fputc
    printf7.o(i.__0vprintf$7) refers to stdout.o(.data) for __stdout
    printf7.o(i.__0vsnprintf$7) refers to printf7.o(i._printf_core) for _printf_core
    printf7.o(i.__0vsnprintf$7) refers to printf7.o(i._snputc) for _snputc
    printf7.o(i.__0vsprintf$7) refers to printf7.o(i._printf_core) for _printf_core
    printf7.o(i.__0vsprintf$7) refers to printf7.o(i._sputc) for _sputc
    printf7.o(i._printf_core) refers to printf7.o(i._printf_pre_padding) for _printf_pre_padding
    printf7.o(i._printf_core) refers to uldiv.o(.text) for __aeabi_uldivmod
    printf7.o(i._printf_core) refers to printf7.o(i._printf_post_padding) for _printf_post_padding
    printf8.o(i.__0fprintf$8) refers to printf8.o(i._printf_core) for _printf_core
    printf8.o(i.__0fprintf$8) refers to halcommon.o(i.fputc) for fputc
    printf8.o(i.__0printf$8) refers to printf8.o(i._printf_core) for _printf_core
    printf8.o(i.__0printf$8) refers to halcommon.o(i.fputc) for fputc
    printf8.o(i.__0printf$8) refers to stdout.o(.data) for __stdout
    printf8.o(i.__0snprintf$8) refers to printf8.o(i._printf_core) for _printf_core
    printf8.o(i.__0snprintf$8) refers to printf8.o(i._snputc) for _snputc
    printf8.o(i.__0sprintf$8) refers to printf8.o(i._printf_core) for _printf_core
    printf8.o(i.__0sprintf$8) refers to printf8.o(i._sputc) for _sputc
    printf8.o(i.__0vfprintf$8) refers to printf8.o(i._printf_core) for _printf_core
    printf8.o(i.__0vfprintf$8) refers to halcommon.o(i.fputc) for fputc
    printf8.o(i.__0vprintf$8) refers to printf8.o(i._printf_core) for _printf_core
    printf8.o(i.__0vprintf$8) refers to halcommon.o(i.fputc) for fputc
    printf8.o(i.__0vprintf$8) refers to stdout.o(.data) for __stdout
    printf8.o(i.__0vsnprintf$8) refers to printf8.o(i._printf_core) for _printf_core
    printf8.o(i.__0vsnprintf$8) refers to printf8.o(i._snputc) for _snputc
    printf8.o(i.__0vsprintf$8) refers to printf8.o(i._printf_core) for _printf_core
    printf8.o(i.__0vsprintf$8) refers to printf8.o(i._sputc) for _sputc
    printf8.o(i._printf_core) refers to printf8.o(i._printf_pre_padding) for _printf_pre_padding
    printf8.o(i._printf_core) refers to uldiv.o(.text) for __aeabi_uldivmod
    printf8.o(i._printf_core) refers to printf8.o(i._printf_post_padding) for _printf_post_padding
    printfa.o(i.__0fprintf) refers (Special) to iusefp.o(.text) for __I$use$fp
    printfa.o(i.__0fprintf) refers to printfa.o(i._printf_core) for _printf_core
    printfa.o(i.__0fprintf) refers to halcommon.o(i.fputc) for fputc
    printfa.o(i.__0printf) refers (Special) to iusefp.o(.text) for __I$use$fp
    printfa.o(i.__0printf) refers to printfa.o(i._printf_core) for _printf_core
    printfa.o(i.__0printf) refers to halcommon.o(i.fputc) for fputc
    printfa.o(i.__0printf) refers to stdout.o(.data) for __stdout
    printfa.o(i.__0snprintf) refers (Special) to iusefp.o(.text) for __I$use$fp
    printfa.o(i.__0snprintf) refers to printfa.o(i._printf_core) for _printf_core
    printfa.o(i.__0snprintf) refers to printfa.o(i._snputc) for _snputc
    printfa.o(i.__0sprintf) refers (Special) to iusefp.o(.text) for __I$use$fp
    printfa.o(i.__0sprintf) refers to printfa.o(i._printf_core) for _printf_core
    printfa.o(i.__0sprintf) refers to printfa.o(i._sputc) for _sputc
    printfa.o(i.__0vfprintf) refers (Special) to iusefp.o(.text) for __I$use$fp
    printfa.o(i.__0vfprintf) refers to printfa.o(i._printf_core) for _printf_core
    printfa.o(i.__0vfprintf) refers to halcommon.o(i.fputc) for fputc
    printfa.o(i.__0vprintf) refers (Special) to iusefp.o(.text) for __I$use$fp
    printfa.o(i.__0vprintf) refers to printfa.o(i._printf_core) for _printf_core
    printfa.o(i.__0vprintf) refers to halcommon.o(i.fputc) for fputc
    printfa.o(i.__0vprintf) refers to stdout.o(.data) for __stdout
    printfa.o(i.__0vsnprintf) refers (Special) to iusefp.o(.text) for __I$use$fp
    printfa.o(i.__0vsnprintf) refers to printfa.o(i._printf_core) for _printf_core
    printfa.o(i.__0vsnprintf) refers to printfa.o(i._snputc) for _snputc
    printfa.o(i.__0vsprintf) refers (Special) to iusefp.o(.text) for __I$use$fp
    printfa.o(i.__0vsprintf) refers to printfa.o(i._printf_core) for _printf_core
    printfa.o(i.__0vsprintf) refers to printfa.o(i._sputc) for _sputc
    printfa.o(i._fp_digits) refers (Special) to iusefp.o(.text) for __I$use$fp
    printfa.o(i._fp_digits) refers to dmul.o(.text) for __aeabi_dmul
    printfa.o(i._fp_digits) refers to ddiv.o(.text) for __aeabi_ddiv
    printfa.o(i._fp_digits) refers to cdrcmple.o(.text) for __aeabi_cdrcmple
    printfa.o(i._fp_digits) refers to dadd.o(.text) for __aeabi_dadd
    printfa.o(i._fp_digits) refers to dfixul.o(.text) for __aeabi_d2ulz
    printfa.o(i._fp_digits) refers to uldiv.o(.text) for __aeabi_uldivmod
    printfa.o(i._printf_core) refers (Special) to iusefp.o(.text) for __I$use$fp
    printfa.o(i._printf_core) refers to printfa.o(i._printf_pre_padding) for _printf_pre_padding
    printfa.o(i._printf_core) refers to uldiv.o(.text) for __aeabi_uldivmod
    printfa.o(i._printf_core) refers to printfa.o(i._printf_post_padding) for _printf_post_padding
    printfa.o(i._printf_core) refers to printfa.o(i._fp_digits) for _fp_digits
    printfa.o(i._printf_core) refers to uidiv.o(.text) for __aeabi_uidivmod
    printfa.o(i._printf_post_padding) refers (Special) to iusefp.o(.text) for __I$use$fp
    printfa.o(i._printf_pre_padding) refers (Special) to iusefp.o(.text) for __I$use$fp
    printfa.o(i._snputc) refers (Special) to iusefp.o(.text) for __I$use$fp
    printfa.o(i._sputc) refers (Special) to iusefp.o(.text) for __I$use$fp
    entry2.o(.ARM.Collect$$$$00000001) refers to entry2.o(.ARM.Collect$$$$00002712) for __lit__00000000
    entry2.o(.ARM.Collect$$$$00002712) refers to startup_stm32f10x_md.o(STACK) for __initial_sp
    entry2.o(__vectab_stack_and_reset_area) refers to startup_stm32f10x_md.o(STACK) for __initial_sp
    entry2.o(__vectab_stack_and_reset_area) refers to entry.o(.ARM.Collect$$$$00000000) for __main
    entry5.o(.ARM.Collect$$$$00000004) refers to init.o(.text) for __scatterload
    entry9a.o(.ARM.Collect$$$$0000000B) refers to main.o(i.main) for main
    entry9b.o(.ARM.Collect$$$$0000000C) refers to main.o(i.main) for main
    uldiv.o(.text) refers to llushr.o(.text) for __aeabi_llsr
    uldiv.o(.text) refers to llshl.o(.text) for __aeabi_llsl
    dadd.o(.text) refers to llshl.o(.text) for __aeabi_llsl
    dadd.o(.text) refers to llsshr.o(.text) for __aeabi_lasr
    dadd.o(.text) refers to depilogue.o(.text) for _double_epilogue
    dmul.o(.text) refers to depilogue.o(.text) for _double_epilogue
    ddiv.o(.text) refers to depilogue.o(.text) for _double_round
    dfixul.o(.text) refers to llushr.o(.text) for __aeabi_llsr
    dfixul.o(.text) refers to llshl.o(.text) for __aeabi_llsl
    init.o(.text) refers to entry5.o(.ARM.Collect$$$$00000004) for __main_after_scatterload
    depilogue.o(.text) refers to llshl.o(.text) for __aeabi_llsl
    depilogue.o(.text) refers to llushr.o(.text) for __aeabi_llsr


==============================================================================

Removing Unused input sections from the image.

    Removing app.o(.rev16_text), (4 bytes).
    Removing app.o(.revsh_text), (4 bytes).
    Removing app.o(.rrx_text), (6 bytes).
    Removing main.o(.rev16_text), (4 bytes).
    Removing main.o(.revsh_text), (4 bytes).
    Removing main.o(.rrx_text), (6 bytes).
    Removing halcommon.o(.rev16_text), (4 bytes).
    Removing halcommon.o(.revsh_text), (4 bytes).
    Removing halcommon.o(.rrx_text), (6 bytes).
    Removing halcommon.o(i.HalInterruptsGetEnable), (12 bytes).
    Removing halcommon.o(i.HalInterruptsSetEnable), (20 bytes).
    Removing halcommon.o(i.HalReboot), (60 bytes).
    Removing halcommon.o(i.HalRunningTime), (12 bytes).
    Removing halgpio.o(.rev16_text), (4 bytes).
    Removing halgpio.o(.revsh_text), (4 bytes).
    Removing halgpio.o(.rrx_text), (6 bytes).
    Removing halspi.o(.rev16_text), (4 bytes).
    Removing halspi.o(.revsh_text), (4 bytes).
    Removing halspi.o(.rrx_text), (6 bytes).
    Removing haltimer.o(.rev16_text), (4 bytes).
    Removing haltimer.o(.revsh_text), (4 bytes).
    Removing haltimer.o(.rrx_text), (6 bytes).
    Removing haltimer.o(i.HalTimerDisable), (36 bytes).
    Removing haltimer.o(i.HalTimerPoll), (2 bytes).
    Removing haluart.o(.rev16_text), (4 bytes).
    Removing haluart.o(.revsh_text), (4 bytes).
    Removing haluart.o(.rrx_text), (6 bytes).
    Removing haluart.o(i.HalUartDmaInit), (136 bytes).
    Removing haluart.o(i.dmaInit), (132 bytes).
    Removing halwait.o(.rev16_text), (4 bytes).
    Removing halwait.o(.revsh_text), (4 bytes).
    Removing halwait.o(.rrx_text), (6 bytes).
    Removing halwait.o(i.HalWaitMsDone), (24 bytes).
    Removing halwait.o(i.HalWaitMsInit), (76 bytes).
    Removing halwait.o(i.HalWaitMsTimeup), (56 bytes).
    Removing halwait.o(.data), (4 bytes).
    Removing cc1101.o(.rev16_text), (4 bytes).
    Removing cc1101.o(.revsh_text), (4 bytes).
    Removing cc1101.o(.rrx_text), (6 bytes).
    Removing cc1101.o(i.CC1101SendData), (90 bytes).
    Removing cc1101.o(i.halSpiWriteBurstReg), (70 bytes).
    Removing cc1101.o(i.setRxMode), (22 bytes).
    Removing misc.o(.rev16_text), (4 bytes).
    Removing misc.o(.revsh_text), (4 bytes).
    Removing misc.o(.rrx_text), (6 bytes).
    Removing misc.o(i.NVIC_SetVectorTable), (20 bytes).
    Removing misc.o(i.NVIC_SystemLPConfig), (32 bytes).
    Removing misc.o(i.SysTick_CLKSourceConfig), (40 bytes).
    Removing stm32f10x_exti.o(.rev16_text), (4 bytes).
    Removing stm32f10x_exti.o(.revsh_text), (4 bytes).
    Removing stm32f10x_exti.o(.rrx_text), (6 bytes).
    Removing stm32f10x_exti.o(i.EXTI_ClearFlag), (12 bytes).
    Removing stm32f10x_exti.o(i.EXTI_DeInit), (36 bytes).
    Removing stm32f10x_exti.o(i.EXTI_GenerateSWInterrupt), (16 bytes).
    Removing stm32f10x_exti.o(i.EXTI_GetFlagStatus), (24 bytes).
    Removing stm32f10x_exti.o(i.EXTI_StructInit), (16 bytes).
    Removing stm32f10x_gpio.o(.rev16_text), (4 bytes).
    Removing stm32f10x_gpio.o(.revsh_text), (4 bytes).
    Removing stm32f10x_gpio.o(.rrx_text), (6 bytes).
    Removing stm32f10x_gpio.o(i.GPIO_AFIODeInit), (20 bytes).
    Removing stm32f10x_gpio.o(i.GPIO_DeInit), (200 bytes).
    Removing stm32f10x_gpio.o(i.GPIO_ETH_MediaInterfaceConfig), (12 bytes).
    Removing stm32f10x_gpio.o(i.GPIO_EventOutputCmd), (12 bytes).
    Removing stm32f10x_gpio.o(i.GPIO_EventOutputConfig), (32 bytes).
    Removing stm32f10x_gpio.o(i.GPIO_PinLockConfig), (18 bytes).
    Removing stm32f10x_gpio.o(i.GPIO_ReadInputData), (8 bytes).
    Removing stm32f10x_gpio.o(i.GPIO_ReadOutputData), (8 bytes).
    Removing stm32f10x_gpio.o(i.GPIO_ReadOutputDataBit), (18 bytes).
    Removing stm32f10x_gpio.o(i.GPIO_ResetBits), (4 bytes).
    Removing stm32f10x_gpio.o(i.GPIO_SetBits), (4 bytes).
    Removing stm32f10x_gpio.o(i.GPIO_StructInit), (16 bytes).
    Removing stm32f10x_gpio.o(i.GPIO_Write), (4 bytes).
    Removing stm32f10x_iwdg.o(.rev16_text), (4 bytes).
    Removing stm32f10x_iwdg.o(.revsh_text), (4 bytes).
    Removing stm32f10x_iwdg.o(.rrx_text), (6 bytes).
    Removing stm32f10x_iwdg.o(i.IWDG_Enable), (16 bytes).
    Removing stm32f10x_iwdg.o(i.IWDG_GetFlagStatus), (24 bytes).
    Removing stm32f10x_iwdg.o(i.IWDG_ReloadCounter), (16 bytes).
    Removing stm32f10x_iwdg.o(i.IWDG_SetPrescaler), (12 bytes).
    Removing stm32f10x_iwdg.o(i.IWDG_SetReload), (12 bytes).
    Removing stm32f10x_iwdg.o(i.IWDG_WriteAccessCmd), (12 bytes).
    Removing stm32f10x_rcc.o(.rev16_text), (4 bytes).
    Removing stm32f10x_rcc.o(.revsh_text), (4 bytes).
    Removing stm32f10x_rcc.o(.rrx_text), (6 bytes).
    Removing stm32f10x_rcc.o(i.RCC_ADCCLKConfig), (24 bytes).
    Removing stm32f10x_rcc.o(i.RCC_AdjustHSICalibrationValue), (24 bytes).
    Removing stm32f10x_rcc.o(i.RCC_BackupResetCmd), (12 bytes).
    Removing stm32f10x_rcc.o(i.RCC_ClearFlag), (20 bytes).
    Removing stm32f10x_rcc.o(i.RCC_ClearITPendingBit), (12 bytes).
    Removing stm32f10x_rcc.o(i.RCC_ClockSecuritySystemCmd), (12 bytes).
    Removing stm32f10x_rcc.o(i.RCC_DeInit), (76 bytes).
    Removing stm32f10x_rcc.o(i.RCC_GetFlagStatus), (60 bytes).
    Removing stm32f10x_rcc.o(i.RCC_GetITStatus), (24 bytes).
    Removing stm32f10x_rcc.o(i.RCC_GetSYSCLKSource), (16 bytes).
    Removing stm32f10x_rcc.o(i.RCC_HCLKConfig), (24 bytes).
    Removing stm32f10x_rcc.o(i.RCC_HSEConfig), (76 bytes).
    Removing stm32f10x_rcc.o(i.RCC_HSICmd), (12 bytes).
    Removing stm32f10x_rcc.o(i.RCC_ITConfig), (32 bytes).
    Removing stm32f10x_rcc.o(i.RCC_LSEConfig), (52 bytes).
    Removing stm32f10x_rcc.o(i.RCC_LSICmd), (12 bytes).
    Removing stm32f10x_rcc.o(i.RCC_MCOConfig), (12 bytes).
    Removing stm32f10x_rcc.o(i.RCC_PCLK1Config), (24 bytes).
    Removing stm32f10x_rcc.o(i.RCC_PCLK2Config), (24 bytes).
    Removing stm32f10x_rcc.o(i.RCC_PLLCmd), (12 bytes).
    Removing stm32f10x_rcc.o(i.RCC_PLLConfig), (28 bytes).
    Removing stm32f10x_rcc.o(i.RCC_RTCCLKCmd), (12 bytes).
    Removing stm32f10x_rcc.o(i.RCC_RTCCLKConfig), (16 bytes).
    Removing stm32f10x_rcc.o(i.RCC_SYSCLKConfig), (24 bytes).
    Removing stm32f10x_rcc.o(i.RCC_USBCLKConfig), (12 bytes).
    Removing stm32f10x_rcc.o(i.RCC_WaitForHSEStartUp), (56 bytes).
    Removing stm32f10x_spi.o(.rev16_text), (4 bytes).
    Removing stm32f10x_spi.o(.revsh_text), (4 bytes).
    Removing stm32f10x_spi.o(.rrx_text), (6 bytes).
    Removing stm32f10x_spi.o(i.I2S_Cmd), (24 bytes).
    Removing stm32f10x_spi.o(i.I2S_Init), (232 bytes).
    Removing stm32f10x_spi.o(i.I2S_StructInit), (20 bytes).
    Removing stm32f10x_spi.o(i.SPI_BiDirectionalLineConfig), (28 bytes).
    Removing stm32f10x_spi.o(i.SPI_CalculateCRC), (24 bytes).
    Removing stm32f10x_spi.o(i.SPI_DataSizeConfig), (18 bytes).
    Removing stm32f10x_spi.o(i.SPI_GetCRC), (16 bytes).
    Removing stm32f10x_spi.o(i.SPI_GetCRCPolynomial), (6 bytes).
    Removing stm32f10x_spi.o(i.SPI_I2S_ClearITPendingBit), (20 bytes).
    Removing stm32f10x_spi.o(i.SPI_I2S_DMACmd), (18 bytes).
    Removing stm32f10x_spi.o(i.SPI_I2S_GetITStatus), (52 bytes).
    Removing stm32f10x_spi.o(i.SPI_I2S_ITConfig), (32 bytes).
    Removing stm32f10x_spi.o(i.SPI_NSSInternalSoftwareConfig), (30 bytes).
    Removing stm32f10x_spi.o(i.SPI_SSOutputCmd), (24 bytes).
    Removing stm32f10x_spi.o(i.SPI_StructInit), (24 bytes).
    Removing stm32f10x_spi.o(i.SPI_TransmitCRC), (10 bytes).
    Removing stm32f10x_tim.o(.rev16_text), (4 bytes).
    Removing stm32f10x_tim.o(.revsh_text), (4 bytes).
    Removing stm32f10x_tim.o(.rrx_text), (6 bytes).
    Removing stm32f10x_tim.o(i.TI1_Config), (128 bytes).
    Removing stm32f10x_tim.o(i.TI2_Config), (152 bytes).
    Removing stm32f10x_tim.o(i.TI3_Config), (144 bytes).
    Removing stm32f10x_tim.o(i.TI4_Config), (152 bytes).
    Removing stm32f10x_tim.o(i.TIM_ARRPreloadConfig), (24 bytes).
    Removing stm32f10x_tim.o(i.TIM_BDTRConfig), (32 bytes).
    Removing stm32f10x_tim.o(i.TIM_BDTRStructInit), (18 bytes).
    Removing stm32f10x_tim.o(i.TIM_CCPreloadControl), (24 bytes).
    Removing stm32f10x_tim.o(i.TIM_CCxCmd), (30 bytes).
    Removing stm32f10x_tim.o(i.TIM_CCxNCmd), (30 bytes).
    Removing stm32f10x_tim.o(i.TIM_ClearFlag), (6 bytes).
    Removing stm32f10x_tim.o(i.TIM_ClearOC1Ref), (18 bytes).
    Removing stm32f10x_tim.o(i.TIM_ClearOC2Ref), (24 bytes).
    Removing stm32f10x_tim.o(i.TIM_ClearOC3Ref), (18 bytes).
    Removing stm32f10x_tim.o(i.TIM_ClearOC4Ref), (24 bytes).
    Removing stm32f10x_tim.o(i.TIM_CounterModeConfig), (18 bytes).
    Removing stm32f10x_tim.o(i.TIM_CtrlPWMOutputs), (30 bytes).
    Removing stm32f10x_tim.o(i.TIM_DMACmd), (18 bytes).
    Removing stm32f10x_tim.o(i.TIM_DMAConfig), (10 bytes).
    Removing stm32f10x_tim.o(i.TIM_DeInit), (488 bytes).
    Removing stm32f10x_tim.o(i.TIM_ETRClockMode1Config), (54 bytes).
    Removing stm32f10x_tim.o(i.TIM_ETRClockMode2Config), (32 bytes).
    Removing stm32f10x_tim.o(i.TIM_ETRConfig), (28 bytes).
    Removing stm32f10x_tim.o(i.TIM_EncoderInterfaceConfig), (66 bytes).
    Removing stm32f10x_tim.o(i.TIM_ForcedOC1Config), (18 bytes).
    Removing stm32f10x_tim.o(i.TIM_ForcedOC2Config), (26 bytes).
    Removing stm32f10x_tim.o(i.TIM_ForcedOC3Config), (18 bytes).
    Removing stm32f10x_tim.o(i.TIM_ForcedOC4Config), (26 bytes).
    Removing stm32f10x_tim.o(i.TIM_GenerateEvent), (4 bytes).
    Removing stm32f10x_tim.o(i.TIM_GetCapture1), (6 bytes).
    Removing stm32f10x_tim.o(i.TIM_GetCapture2), (6 bytes).
    Removing stm32f10x_tim.o(i.TIM_GetCapture3), (6 bytes).
    Removing stm32f10x_tim.o(i.TIM_GetCapture4), (8 bytes).
    Removing stm32f10x_tim.o(i.TIM_GetCounter), (6 bytes).
    Removing stm32f10x_tim.o(i.TIM_GetITStatus), (34 bytes).
    Removing stm32f10x_tim.o(i.TIM_GetPrescaler), (6 bytes).
    Removing stm32f10x_tim.o(i.TIM_ICInit), (172 bytes).
    Removing stm32f10x_tim.o(i.TIM_ICStructInit), (18 bytes).
    Removing stm32f10x_tim.o(i.TIM_ITRxExternalClockConfig), (24 bytes).
    Removing stm32f10x_tim.o(i.TIM_InternalClockConfig), (12 bytes).
    Removing stm32f10x_tim.o(i.TIM_OC1FastConfig), (18 bytes).
    Removing stm32f10x_tim.o(i.TIM_OC1Init), (152 bytes).
    Removing stm32f10x_tim.o(i.TIM_OC1NPolarityConfig), (18 bytes).
    Removing stm32f10x_tim.o(i.TIM_OC1PolarityConfig), (18 bytes).
    Removing stm32f10x_tim.o(i.TIM_OC1PreloadConfig), (18 bytes).
    Removing stm32f10x_tim.o(i.TIM_OC2FastConfig), (26 bytes).
    Removing stm32f10x_tim.o(i.TIM_OC2Init), (164 bytes).
    Removing stm32f10x_tim.o(i.TIM_OC2NPolarityConfig), (26 bytes).
    Removing stm32f10x_tim.o(i.TIM_OC2PolarityConfig), (26 bytes).
    Removing stm32f10x_tim.o(i.TIM_OC2PreloadConfig), (26 bytes).
    Removing stm32f10x_tim.o(i.TIM_OC3FastConfig), (18 bytes).
    Removing stm32f10x_tim.o(i.TIM_OC3Init), (160 bytes).
    Removing stm32f10x_tim.o(i.TIM_OC3NPolarityConfig), (26 bytes).
    Removing stm32f10x_tim.o(i.TIM_OC3PolarityConfig), (26 bytes).
    Removing stm32f10x_tim.o(i.TIM_OC3PreloadConfig), (18 bytes).
    Removing stm32f10x_tim.o(i.TIM_OC4FastConfig), (26 bytes).
    Removing stm32f10x_tim.o(i.TIM_OC4Init), (124 bytes).
    Removing stm32f10x_tim.o(i.TIM_OC4PolarityConfig), (26 bytes).
    Removing stm32f10x_tim.o(i.TIM_OC4PreloadConfig), (26 bytes).
    Removing stm32f10x_tim.o(i.TIM_OCStructInit), (20 bytes).
    Removing stm32f10x_tim.o(i.TIM_PWMIConfig), (124 bytes).
    Removing stm32f10x_tim.o(i.TIM_PrescalerConfig), (6 bytes).
    Removing stm32f10x_tim.o(i.TIM_SelectCCDMA), (24 bytes).
    Removing stm32f10x_tim.o(i.TIM_SelectCOM), (24 bytes).
    Removing stm32f10x_tim.o(i.TIM_SelectHallSensor), (24 bytes).
    Removing stm32f10x_tim.o(i.TIM_SelectInputTrigger), (18 bytes).
    Removing stm32f10x_tim.o(i.TIM_SelectMasterSlaveMode), (18 bytes).
    Removing stm32f10x_tim.o(i.TIM_SelectOCxM), (82 bytes).
    Removing stm32f10x_tim.o(i.TIM_SelectOnePulseMode), (18 bytes).
    Removing stm32f10x_tim.o(i.TIM_SelectOutputTrigger), (18 bytes).
    Removing stm32f10x_tim.o(i.TIM_SelectSlaveMode), (18 bytes).
    Removing stm32f10x_tim.o(i.TIM_SetAutoreload), (4 bytes).
    Removing stm32f10x_tim.o(i.TIM_SetClockDivision), (18 bytes).
    Removing stm32f10x_tim.o(i.TIM_SetCompare1), (4 bytes).
    Removing stm32f10x_tim.o(i.TIM_SetCompare2), (4 bytes).
    Removing stm32f10x_tim.o(i.TIM_SetCompare3), (4 bytes).
    Removing stm32f10x_tim.o(i.TIM_SetCompare4), (6 bytes).
    Removing stm32f10x_tim.o(i.TIM_SetCounter), (4 bytes).
    Removing stm32f10x_tim.o(i.TIM_SetIC1Prescaler), (18 bytes).
    Removing stm32f10x_tim.o(i.TIM_SetIC2Prescaler), (26 bytes).
    Removing stm32f10x_tim.o(i.TIM_SetIC3Prescaler), (18 bytes).
    Removing stm32f10x_tim.o(i.TIM_SetIC4Prescaler), (26 bytes).
    Removing stm32f10x_tim.o(i.TIM_TIxExternalClockConfig), (62 bytes).
    Removing stm32f10x_tim.o(i.TIM_TimeBaseStructInit), (18 bytes).
    Removing stm32f10x_tim.o(i.TIM_UpdateDisableConfig), (24 bytes).
    Removing stm32f10x_tim.o(i.TIM_UpdateRequestConfig), (24 bytes).
    Removing stm32f10x_usart.o(.rev16_text), (4 bytes).
    Removing stm32f10x_usart.o(.revsh_text), (4 bytes).
    Removing stm32f10x_usart.o(.rrx_text), (6 bytes).
    Removing stm32f10x_usart.o(i.USART_ClearFlag), (18 bytes).
    Removing stm32f10x_usart.o(i.USART_ClockInit), (34 bytes).
    Removing stm32f10x_usart.o(i.USART_ClockStructInit), (12 bytes).
    Removing stm32f10x_usart.o(i.USART_DMACmd), (18 bytes).
    Removing stm32f10x_usart.o(i.USART_DeInit), (156 bytes).
    Removing stm32f10x_usart.o(i.USART_HalfDuplexCmd), (24 bytes).
    Removing stm32f10x_usart.o(i.USART_IrDACmd), (24 bytes).
    Removing stm32f10x_usart.o(i.USART_IrDAConfig), (18 bytes).
    Removing stm32f10x_usart.o(i.USART_LINBreakDetectLengthConfig), (18 bytes).
    Removing stm32f10x_usart.o(i.USART_LINCmd), (24 bytes).
    Removing stm32f10x_usart.o(i.USART_OneBitMethodCmd), (24 bytes).
    Removing stm32f10x_usart.o(i.USART_OverSampling8Cmd), (22 bytes).
    Removing stm32f10x_usart.o(i.USART_ReceiverWakeUpCmd), (24 bytes).
    Removing stm32f10x_usart.o(i.USART_SendBreak), (10 bytes).
    Removing stm32f10x_usart.o(i.USART_SetAddress), (18 bytes).
    Removing stm32f10x_usart.o(i.USART_SetGuardTime), (16 bytes).
    Removing stm32f10x_usart.o(i.USART_SetPrescaler), (16 bytes).
    Removing stm32f10x_usart.o(i.USART_SmartCardCmd), (24 bytes).
    Removing stm32f10x_usart.o(i.USART_SmartCardNACKCmd), (24 bytes).
    Removing stm32f10x_usart.o(i.USART_WakeUpConfig), (18 bytes).
    Removing stm32f10x_dma.o(.rev16_text), (4 bytes).
    Removing stm32f10x_dma.o(.revsh_text), (4 bytes).
    Removing stm32f10x_dma.o(.rrx_text), (6 bytes).
    Removing stm32f10x_dma.o(i.DMA_ClearITPendingBit), (28 bytes).
    Removing stm32f10x_dma.o(i.DMA_Cmd), (24 bytes).
    Removing stm32f10x_dma.o(i.DMA_DeInit), (332 bytes).
    Removing stm32f10x_dma.o(i.DMA_GetITStatus), (44 bytes).
    Removing stm32f10x_dma.o(i.DMA_ITConfig), (18 bytes).
    Removing stm32f10x_dma.o(i.DMA_Init), (60 bytes).
    Removing stm32f10x_dma.o(i.DMA_SetCurrDataCounter), (4 bytes).
    Removing stm32f10x_dma.o(i.DMA_StructInit), (26 bytes).
    Removing startup_stm32f10x_md.o(HEAP), (512 bytes).
    Removing system_stm32f10x.o(.rev16_text), (4 bytes).
    Removing system_stm32f10x.o(.revsh_text), (4 bytes).
    Removing system_stm32f10x.o(.rrx_text), (6 bytes).
    Removing system_stm32f10x.o(i.SystemCoreClockUpdate), (164 bytes).
    Removing system_stm32f10x.o(.data), (20 bytes).
    Removing dadd.o(.text), (334 bytes).
    Removing dmul.o(.text), (228 bytes).
    Removing ddiv.o(.text), (222 bytes).
    Removing dfixul.o(.text), (48 bytes).
    Removing cdrcmple.o(.text), (48 bytes).
    Removing depilogue.o(.text), (186 bytes).

264 unused section(s) (total 9342 bytes) removed from the image.

==============================================================================

Image Symbol Table

    Local Symbols

    Symbol Name                              Value     Ov Type        Size  Object(Section)

    ../clib/microlib/division.c              0x00000000   Number         0  uldiv.o ABSOLUTE
    ../clib/microlib/division.c              0x00000000   Number         0  uidiv.o ABSOLUTE
    ../clib/microlib/init/entry.s            0x00000000   Number         0  entry9a.o ABSOLUTE
    ../clib/microlib/init/entry.s            0x00000000   Number         0  entry9b.o ABSOLUTE
    ../clib/microlib/init/entry.s            0x00000000   Number         0  entry2.o ABSOLUTE
    ../clib/microlib/init/entry.s            0x00000000   Number         0  entry.o ABSOLUTE
    ../clib/microlib/init/entry.s            0x00000000   Number         0  entry10b.o ABSOLUTE
    ../clib/microlib/init/entry.s            0x00000000   Number         0  entry10a.o ABSOLUTE
    ../clib/microlib/init/entry.s            0x00000000   Number         0  entry11a.o ABSOLUTE
    ../clib/microlib/init/entry.s            0x00000000   Number         0  entry5.o ABSOLUTE
    ../clib/microlib/init/entry.s            0x00000000   Number         0  entry7a.o ABSOLUTE
    ../clib/microlib/init/entry.s            0x00000000   Number         0  entry11b.o ABSOLUTE
    ../clib/microlib/init/entry.s            0x00000000   Number         0  entry7b.o ABSOLUTE
    ../clib/microlib/init/entry.s            0x00000000   Number         0  entry8a.o ABSOLUTE
    ../clib/microlib/init/entry.s            0x00000000   Number         0  entry8b.o ABSOLUTE
    ../clib/microlib/longlong.c              0x00000000   Number         0  llshl.o ABSOLUTE
    ../clib/microlib/longlong.c              0x00000000   Number         0  llsshr.o ABSOLUTE
    ../clib/microlib/longlong.c              0x00000000   Number         0  llushr.o ABSOLUTE
    ../clib/microlib/printf/printf.c         0x00000000   Number         0  printf7.o ABSOLUTE
    ../clib/microlib/printf/printf.c         0x00000000   Number         0  printf8.o ABSOLUTE
    ../clib/microlib/printf/printf.c         0x00000000   Number         0  printf1.o ABSOLUTE
    ../clib/microlib/printf/printf.c         0x00000000   Number         0  printf2.o ABSOLUTE
    ../clib/microlib/printf/printf.c         0x00000000   Number         0  printf4.o ABSOLUTE
    ../clib/microlib/printf/printf.c         0x00000000   Number         0  printfa.o ABSOLUTE
    ../clib/microlib/printf/printf.c         0x00000000   Number         0  printf5.o ABSOLUTE
    ../clib/microlib/printf/printf.c         0x00000000   Number         0  printf3.o ABSOLUTE
    ../clib/microlib/printf/printf.c         0x00000000   Number         0  printf6.o ABSOLUTE
    ../clib/microlib/printf/printf.c         0x00000000   Number         0  printfb.o ABSOLUTE
    ../clib/microlib/printf/printf.c         0x00000000   Number         0  printf0.o ABSOLUTE
    ../clib/microlib/printf/stubs.s          0x00000000   Number         0  stubs.o ABSOLUTE
    ../clib/microlib/stdio/streams.c         0x00000000   Number         0  stdout.o ABSOLUTE
    ../clib/microlib/string/memset.c         0x00000000   Number         0  memseta.o ABSOLUTE
    ../clib/microlib/stubs.s                 0x00000000   Number         0  iusefp.o ABSOLUTE
    ../fplib/microlib/fpadd.c                0x00000000   Number         0  dadd.o ABSOLUTE
    ../fplib/microlib/fpdiv.c                0x00000000   Number         0  ddiv.o ABSOLUTE
    ../fplib/microlib/fpepilogue.c           0x00000000   Number         0  depilogue.o ABSOLUTE
    ../fplib/microlib/fpfix.c                0x00000000   Number         0  dfixul.o ABSOLUTE
    ../fplib/microlib/fpmul.c                0x00000000   Number         0  dmul.o ABSOLUTE
    ..\\app\\APP.c                           0x00000000   Number         0  app.o ABSOLUTE
    ..\\app\\main.c                          0x00000000   Number         0  main.o ABSOLUTE
    ..\\hal\\CC1101.c                        0x00000000   Number         0  cc1101.o ABSOLUTE
    ..\\hal\\HalCommon.c                     0x00000000   Number         0  halcommon.o ABSOLUTE
    ..\\hal\\HalGPIO.c                       0x00000000   Number         0  halgpio.o ABSOLUTE
    ..\\hal\\HalSpi.c                        0x00000000   Number         0  halspi.o ABSOLUTE
    ..\\hal\\HalTimer.c                      0x00000000   Number         0  haltimer.o ABSOLUTE
    ..\\hal\\HalUart.c                       0x00000000   Number         0  haluart.o ABSOLUTE
    ..\\hal\\HalWait.c                       0x00000000   Number         0  halwait.o ABSOLUTE
    ..\\lib\\src\\misc.c                     0x00000000   Number         0  misc.o ABSOLUTE
    ..\\lib\\src\\stm32f10x_dma.c            0x00000000   Number         0  stm32f10x_dma.o ABSOLUTE
    ..\\lib\\src\\stm32f10x_exti.c           0x00000000   Number         0  stm32f10x_exti.o ABSOLUTE
    ..\\lib\\src\\stm32f10x_gpio.c           0x00000000   Number         0  stm32f10x_gpio.o ABSOLUTE
    ..\\lib\\src\\stm32f10x_iwdg.c           0x00000000   Number         0  stm32f10x_iwdg.o ABSOLUTE
    ..\\lib\\src\\stm32f10x_rcc.c            0x00000000   Number         0  stm32f10x_rcc.o ABSOLUTE
    ..\\lib\\src\\stm32f10x_spi.c            0x00000000   Number         0  stm32f10x_spi.o ABSOLUTE
    ..\\lib\\src\\stm32f10x_tim.c            0x00000000   Number         0  stm32f10x_tim.o ABSOLUTE
    ..\\lib\\src\\stm32f10x_usart.c          0x00000000   Number         0  stm32f10x_usart.o ABSOLUTE
    ..\app\APP.c                             0x00000000   Number         0  app.o ABSOLUTE
    ..\app\main.c                            0x00000000   Number         0  main.o ABSOLUTE
    ..\hal\CC1101.c                          0x00000000   Number         0  cc1101.o ABSOLUTE
    ..\hal\HalCommon.c                       0x00000000   Number         0  halcommon.o ABSOLUTE
    ..\hal\HalGPIO.c                         0x00000000   Number         0  halgpio.o ABSOLUTE
    ..\hal\HalSpi.c                          0x00000000   Number         0  halspi.o ABSOLUTE
    ..\hal\HalTimer.c                        0x00000000   Number         0  haltimer.o ABSOLUTE
    ..\hal\HalUart.c                         0x00000000   Number         0  haluart.o ABSOLUTE
    ..\hal\HalWait.c                         0x00000000   Number         0  halwait.o ABSOLUTE
    ..\lib\src\misc.c                        0x00000000   Number         0  misc.o ABSOLUTE
    ..\lib\src\stm32f10x_dma.c               0x00000000   Number         0  stm32f10x_dma.o ABSOLUTE
    ..\lib\src\stm32f10x_exti.c              0x00000000   Number         0  stm32f10x_exti.o ABSOLUTE
    ..\lib\src\stm32f10x_gpio.c              0x00000000   Number         0  stm32f10x_gpio.o ABSOLUTE
    ..\lib\src\stm32f10x_iwdg.c              0x00000000   Number         0  stm32f10x_iwdg.o ABSOLUTE
    ..\lib\src\stm32f10x_rcc.c               0x00000000   Number         0  stm32f10x_rcc.o ABSOLUTE
    ..\lib\src\stm32f10x_spi.c               0x00000000   Number         0  stm32f10x_spi.o ABSOLUTE
    ..\lib\src\stm32f10x_tim.c               0x00000000   Number         0  stm32f10x_tim.o ABSOLUTE
    ..\lib\src\stm32f10x_usart.c             0x00000000   Number         0  stm32f10x_usart.o ABSOLUTE
    RTE\Device\STM32F103C8\startup_stm32f10x_md.s 0x00000000   Number         0  startup_stm32f10x_md.o ABSOLUTE
    RTE\Device\STM32F103C8\system_stm32f10x.c 0x00000000   Number         0  system_stm32f10x.o ABSOLUTE
    RTE\\Device\\STM32F103C8\\system_stm32f10x.c 0x00000000   Number         0  system_stm32f10x.o ABSOLUTE
    cdrcmple.s                               0x00000000   Number         0  cdrcmple.o ABSOLUTE
    dc.s                                     0x00000000   Number         0  dc.o ABSOLUTE
    handlers.s                               0x00000000   Number         0  handlers.o ABSOLUTE
    init.s                                   0x00000000   Number         0  init.o ABSOLUTE
    RESET                                    0x08000000   Section      236  startup_stm32f10x_md.o(RESET)
    .ARM.Collect$$$$00000000                 0x080000ec   Section        0  entry.o(.ARM.Collect$$$$00000000)
    .ARM.Collect$$$$00000001                 0x080000ec   Section        4  entry2.o(.ARM.Collect$$$$00000001)
    .ARM.Collect$$$$00000004                 0x080000f0   Section        4  entry5.o(.ARM.Collect$$$$00000004)
    .ARM.Collect$$$$00000008                 0x080000f4   Section        0  entry7b.o(.ARM.Collect$$$$00000008)
    .ARM.Collect$$$$0000000A                 0x080000f4   Section        0  entry8b.o(.ARM.Collect$$$$0000000A)
    .ARM.Collect$$$$0000000B                 0x080000f4   Section        8  entry9a.o(.ARM.Collect$$$$0000000B)
    .ARM.Collect$$$$0000000D                 0x080000fc   Section        0  entry10a.o(.ARM.Collect$$$$0000000D)
    .ARM.Collect$$$$0000000F                 0x080000fc   Section        0  entry11a.o(.ARM.Collect$$$$0000000F)
    .ARM.Collect$$$$00002712                 0x080000fc   Section        4  entry2.o(.ARM.Collect$$$$00002712)
    __lit__00000000                          0x080000fc   Data           4  entry2.o(.ARM.Collect$$$$00002712)
    .text                                    0x08000100   Section       36  startup_stm32f10x_md.o(.text)
    .text                                    0x08000124   Section        0  uidiv.o(.text)
    .text                                    0x08000150   Section       36  init.o(.text)
    i.APPInitialize                          0x08000174   Section        0  app.o(i.APPInitialize)
    i.APPPoll                                0x08000190   Section        0  app.o(i.APPPoll)
    i.CC1101Initialize                       0x08000198   Section        0  cc1101.o(i.CC1101Initialize)
    i.CC1101Poll                             0x080001b4   Section        0  cc1101.o(i.CC1101Poll)
    i.CC1101ReadID                           0x080001e8   Section        0  cc1101.o(i.CC1101ReadID)
    i.DMA_ClearFlag                          0x08000218   Section        0  stm32f10x_dma.o(i.DMA_ClearFlag)
    i.DMA_GetCurrDataCounter                 0x08000234   Section        0  stm32f10x_dma.o(i.DMA_GetCurrDataCounter)
    i.DMA_GetFlagStatus                      0x0800023c   Section        0  stm32f10x_dma.o(i.DMA_GetFlagStatus)
    i.EXTI0_IRQHandler                       0x08000268   Section        0  cc1101.o(i.EXTI0_IRQHandler)
    i.EXTI_ClearITPendingBit                 0x080002a4   Section        0  stm32f10x_exti.o(i.EXTI_ClearITPendingBit)
    i.EXTI_GetITStatus                       0x080002b0   Section        0  stm32f10x_exti.o(i.EXTI_GetITStatus)
    i.EXTI_Init                              0x080002d8   Section        0  stm32f10x_exti.o(i.EXTI_Init)
    i.GPIO_EXTILineConfig                    0x0800036c   Section        0  stm32f10x_gpio.o(i.GPIO_EXTILineConfig)
    i.GPIO_Init                              0x080003ac   Section        0  stm32f10x_gpio.o(i.GPIO_Init)
    i.GPIO_PinRemapConfig                    0x080004c4   Section        0  stm32f10x_gpio.o(i.GPIO_PinRemapConfig)
    i.GPIO_ReadInputDataBit                  0x08000554   Section        0  stm32f10x_gpio.o(i.GPIO_ReadInputDataBit)
    i.GPIO_WriteBit                          0x08000566   Section        0  stm32f10x_gpio.o(i.GPIO_WriteBit)
    i.HalGPIOConfig                          0x08000570   Section        0  halgpio.o(i.HalGPIOConfig)
    i.HalGPIOGetLevel                        0x080005ae   Section        0  halgpio.o(i.HalGPIOGetLevel)
    i.HalGPIOInitialize                      0x080005ca   Section        0  halgpio.o(i.HalGPIOInitialize)
    i.HalGPIOPoll                            0x080005cc   Section        0  halgpio.o(i.HalGPIOPoll)
    i.HalGPIOSetLevel                        0x080005ce   Section        0  halgpio.o(i.HalGPIOSetLevel)
    i.HalInitialize                          0x080005f4   Section        0  halcommon.o(i.HalInitialize)
    i.HalPoll                                0x08000658   Section        0  halcommon.o(i.HalPoll)
    i.HalSpiInitialize                       0x0800066c   Section        0  halspi.o(i.HalSpiInitialize)
    i.HalSpiPoll                             0x080006f4   Section        0  halspi.o(i.HalSpiPoll)
    i.HalSpiReadWrite                        0x080006f8   Section        0  halspi.o(i.HalSpiReadWrite)
    i.HalTimerInitialize                     0x08000730   Section        0  haltimer.o(i.HalTimerInitialize)
    i.HalTimerPast1ms                        0x0800079c   Section        0  halcommon.o(i.HalTimerPast1ms)
    i.HalUartConfig                          0x080007ac   Section        0  haluart.o(i.HalUartConfig)
    i.HalUartInitialize                      0x08000850   Section        0  haluart.o(i.HalUartInitialize)
    i.HalUartPoll                            0x08000950   Section        0  haluart.o(i.HalUartPoll)
    i.HalUartWrite                           0x080009b8   Section        0  haluart.o(i.HalUartWrite)
    i.NVIC_Init                              0x08000a04   Section        0  misc.o(i.NVIC_Init)
    i.NVIC_PriorityGroupConfig               0x08000a74   Section        0  misc.o(i.NVIC_PriorityGroupConfig)
    i.RCC_AHBPeriphClockCmd                  0x08000a88   Section        0  stm32f10x_rcc.o(i.RCC_AHBPeriphClockCmd)
    i.RCC_APB1PeriphClockCmd                 0x08000aa8   Section        0  stm32f10x_rcc.o(i.RCC_APB1PeriphClockCmd)
    i.RCC_APB1PeriphResetCmd                 0x08000ac8   Section        0  stm32f10x_rcc.o(i.RCC_APB1PeriphResetCmd)
    i.RCC_APB2PeriphClockCmd                 0x08000ae8   Section        0  stm32f10x_rcc.o(i.RCC_APB2PeriphClockCmd)
    i.RCC_APB2PeriphResetCmd                 0x08000b08   Section        0  stm32f10x_rcc.o(i.RCC_APB2PeriphResetCmd)
    i.RCC_GetClocksFreq                      0x08000b28   Section        0  stm32f10x_rcc.o(i.RCC_GetClocksFreq)
    i.SPI_Cmd                                0x08000bfc   Section        0  stm32f10x_spi.o(i.SPI_Cmd)
    i.SPI_I2S_ClearFlag                      0x08000c14   Section        0  stm32f10x_spi.o(i.SPI_I2S_ClearFlag)
    i.SPI_I2S_DeInit                         0x08000c1c   Section        0  stm32f10x_spi.o(i.SPI_I2S_DeInit)
    i.SPI_I2S_GetFlagStatus                  0x08000c74   Section        0  stm32f10x_spi.o(i.SPI_I2S_GetFlagStatus)
    i.SPI_I2S_ReceiveData                    0x08000c86   Section        0  stm32f10x_spi.o(i.SPI_I2S_ReceiveData)
    i.SPI_I2S_SendData                       0x08000c8c   Section        0  stm32f10x_spi.o(i.SPI_I2S_SendData)
    i.SPI_Init                               0x08000c90   Section        0  stm32f10x_spi.o(i.SPI_Init)
    i.SetSysClock                            0x08000ccc   Section        0  system_stm32f10x.o(i.SetSysClock)
    SetSysClock                              0x08000ccd   Thumb Code     8  system_stm32f10x.o(i.SetSysClock)
    i.SetSysClockTo72                        0x08000cd4   Section        0  system_stm32f10x.o(i.SetSysClockTo72)
    SetSysClockTo72                          0x08000cd5   Thumb Code   214  system_stm32f10x.o(i.SetSysClockTo72)
    i.SystemInit                             0x08000db4   Section        0  system_stm32f10x.o(i.SystemInit)
    i.TIM1_UP_IRQHandler                     0x08000e14   Section        0  haltimer.o(i.TIM1_UP_IRQHandler)
    i.TIM_ClearITPendingBit                  0x08000e34   Section        0  stm32f10x_tim.o(i.TIM_ClearITPendingBit)
    i.TIM_Cmd                                0x08000e3a   Section        0  stm32f10x_tim.o(i.TIM_Cmd)
    i.TIM_GetFlagStatus                      0x08000e52   Section        0  stm32f10x_tim.o(i.TIM_GetFlagStatus)
    i.TIM_ITConfig                           0x08000e64   Section        0  stm32f10x_tim.o(i.TIM_ITConfig)
    i.TIM_TimeBaseInit                       0x08000e78   Section        0  stm32f10x_tim.o(i.TIM_TimeBaseInit)
    i.USART1_IRQHandler                      0x08000f1c   Section        0  haluart.o(i.USART1_IRQHandler)
    i.USART2_IRQHandler                      0x08000f58   Section        0  haluart.o(i.USART2_IRQHandler)
    i.USART3_IRQHandler                      0x08000f94   Section        0  haluart.o(i.USART3_IRQHandler)
    i.USART_ClearITPendingBit                0x08000fd0   Section        0  stm32f10x_usart.o(i.USART_ClearITPendingBit)
    i.USART_Cmd                              0x08000fee   Section        0  stm32f10x_usart.o(i.USART_Cmd)
    i.USART_GetFlagStatus                    0x08001006   Section        0  stm32f10x_usart.o(i.USART_GetFlagStatus)
    i.USART_GetITStatus                      0x08001020   Section        0  stm32f10x_usart.o(i.USART_GetITStatus)
    i.USART_ITConfig                         0x08001074   Section        0  stm32f10x_usart.o(i.USART_ITConfig)
    i.USART_Init                             0x080010c0   Section        0  stm32f10x_usart.o(i.USART_Init)
    i.USART_ReceiveData                      0x08001198   Section        0  stm32f10x_usart.o(i.USART_ReceiveData)
    i.USART_SendData                         0x080011a2   Section        0  stm32f10x_usart.o(i.USART_SendData)
    i.USART_StructInit                       0x080011aa   Section        0  stm32f10x_usart.o(i.USART_StructInit)
    i.__0printf$1                            0x080011c4   Section        0  printf1.o(i.__0printf$1)
    i.__scatterload_copy                     0x080011e4   Section       14  handlers.o(i.__scatterload_copy)
    i.__scatterload_null                     0x080011f2   Section        2  handlers.o(i.__scatterload_null)
    i.__scatterload_zeroinit                 0x080011f4   Section       14  handlers.o(i.__scatterload_zeroinit)
    i._printf_core                           0x08001204   Section        0  printf1.o(i._printf_core)
    _printf_core                             0x08001205   Thumb Code   336  printf1.o(i._printf_core)
    i.cc1101DataHandle                       0x08001358   Section        0  halcommon.o(i.cc1101DataHandle)
    cc1101DataHandle                         0x08001359   Thumb Code    60  halcommon.o(i.cc1101DataHandle)
    i.chipReset                              0x080013a8   Section        0  cc1101.o(i.chipReset)
    chipReset                                0x080013a9   Thumb Code   100  cc1101.o(i.chipReset)
    i.debugUartInit                          0x0800140c   Section        0  halcommon.o(i.debugUartInit)
    debugUartInit                            0x0800140d   Thumb Code    34  halcommon.o(i.debugUartInit)
    i.delay                                  0x0800142e   Section        0  cc1101.o(i.delay)
    delay                                    0x0800142f   Thumb Code    22  cc1101.o(i.delay)
    i.fputc                                  0x08001444   Section        0  halcommon.o(i.fputc)
    i.halRfReceivePacket                     0x08001456   Section        0  cc1101.o(i.halRfReceivePacket)
    halRfReceivePacket                       0x08001457   Thumb Code    72  cc1101.o(i.halRfReceivePacket)
    i.halSpiReadBurstReg                     0x0800149e   Section        0  cc1101.o(i.halSpiReadBurstReg)
    halSpiReadBurstReg                       0x0800149f   Thumb Code    70  cc1101.o(i.halSpiReadBurstReg)
    i.halSpiReadReg                          0x080014e4   Section        0  cc1101.o(i.halSpiReadReg)
    halSpiReadReg                            0x080014e5   Thumb Code    52  cc1101.o(i.halSpiReadReg)
    i.halSpiReadStatus                       0x08001518   Section        0  cc1101.o(i.halSpiReadStatus)
    halSpiReadStatus                         0x08001519   Thumb Code    54  cc1101.o(i.halSpiReadStatus)
    i.halSpiStrobe                           0x0800154e   Section        0  cc1101.o(i.halSpiStrobe)
    halSpiStrobe                             0x0800154f   Thumb Code    40  cc1101.o(i.halSpiStrobe)
    i.halSpiWriteReg                         0x08001576   Section        0  cc1101.o(i.halSpiWriteReg)
    halSpiWriteReg                           0x08001577   Thumb Code    48  cc1101.o(i.halSpiWriteReg)
    i.ioToPin                                0x080015a6   Section        0  halgpio.o(i.ioToPin)
    ioToPin                                  0x080015a7   Thumb Code    14  halgpio.o(i.ioToPin)
    i.ioToPort                               0x080015b4   Section        0  halgpio.o(i.ioToPort)
    ioToPort                                 0x080015b5   Thumb Code    46  halgpio.o(i.ioToPort)
    i.ledConfig                              0x08001600   Section        0  halcommon.o(i.ledConfig)
    ledConfig                                0x08001601   Thumb Code    36  halcommon.o(i.ledConfig)
    i.main                                   0x08001624   Section        0  main.o(i.main)
    i.periphClockInit                        0x08001630   Section        0  halcommon.o(i.periphClockInit)
    periphClockInit                          0x08001631   Thumb Code    76  halcommon.o(i.periphClockInit)
    i.pinExtiConfig                          0x0800167c   Section        0  cc1101.o(i.pinExtiConfig)
    pinExtiConfig                            0x0800167d   Thumb Code    64  cc1101.o(i.pinExtiConfig)
    i.regsConfig                             0x080016bc   Section        0  cc1101.o(i.regsConfig)
    regsConfig                               0x080016bd   Thumb Code   206  cc1101.o(i.regsConfig)
    .data                                    0x20000000   Section        6  halcommon.o(.data)
    g_timerCount                             0x20000000   Data           4  halcommon.o(.data)
    g_intEnable                              0x20000004   Data           1  halcommon.o(.data)
    reboot                                   0x20000005   Data           1  halcommon.o(.data)
    .data                                    0x20000008   Section       10  haluart.o(.data)
    g_dmaBuff                                0x20000008   Data           4  haluart.o(.data)
    g_dmaRecvCb                              0x2000000c   Data           4  haluart.o(.data)
    g_dmaLastNum                             0x20000010   Data           2  haluart.o(.data)
    .data                                    0x20000014   Section        8  cc1101.o(.data)
    g_buffLen                                0x20000014   Data           1  cc1101.o(.data)
    g_gotFrame                               0x20000015   Data           1  cc1101.o(.data)
    g_recvCb                                 0x20000018   Data           4  cc1101.o(.data)
    .data                                    0x2000001c   Section       20  stm32f10x_rcc.o(.data)
    APBAHBPrescTable                         0x2000001c   Data          16  stm32f10x_rcc.o(.data)
    ADCPrescTable                            0x2000002c   Data           4  stm32f10x_rcc.o(.data)
    .data                                    0x20000030   Section        4  stdout.o(.data)
    .bss                                     0x20000034   Section       64  haluart.o(.bss)
    g_uartConfig                             0x20000034   Data          64  haluart.o(.bss)
    .bss                                     0x20000074   Section      128  cc1101.o(.bss)
    g_buff                                   0x20000074   Data         128  cc1101.o(.bss)
    STACK                                    0x200000f8   Section     1024  startup_stm32f10x_md.o(STACK)

    Global Symbols

    Symbol Name                              Value     Ov Type        Size  Object(Section)

    BuildAttributes$$THM_ISAv4$P$D$K$B$S$PE$A:L22UL41UL21$X:L11$S22US41US21$IEEE1$IW$USESV6$~STKCKD$USESV7$~SHL$OSPACE$ROPI$EBA8$MICROLIB$REQ8$PRES8$EABIv2 0x00000000   Number         0  anon$$obj.o ABSOLUTE
    __ARM_use_no_argv                        0x00000000   Number         0  main.o ABSOLUTE
    _printf_a                                0x00000000   Number         0  stubs.o ABSOLUTE
    _printf_c                                0x00000000   Number         0  stubs.o ABSOLUTE
    _printf_charcount                        0x00000000   Number         0  stubs.o ABSOLUTE
    _printf_d                                0x00000000   Number         0  stubs.o ABSOLUTE
    _printf_e                                0x00000000   Number         0  stubs.o ABSOLUTE
    _printf_f                                0x00000000   Number         0  stubs.o ABSOLUTE
    _printf_flags                            0x00000000   Number         0  stubs.o ABSOLUTE
    _printf_fp_dec                           0x00000000   Number         0  stubs.o ABSOLUTE
    _printf_fp_hex                           0x00000000   Number         0  stubs.o ABSOLUTE
    _printf_g                                0x00000000   Number         0  stubs.o ABSOLUTE
    _printf_i                                0x00000000   Number         0  stubs.o ABSOLUTE
    _printf_int_dec                          0x00000000   Number         0  stubs.o ABSOLUTE
    _printf_l                                0x00000000   Number         0  stubs.o ABSOLUTE
    _printf_lc                               0x00000000   Number         0  stubs.o ABSOLUTE
    _printf_ll                               0x00000000   Number         0  stubs.o ABSOLUTE
    _printf_lld                              0x00000000   Number         0  stubs.o ABSOLUTE
    _printf_lli                              0x00000000   Number         0  stubs.o ABSOLUTE
    _printf_llo                              0x00000000   Number         0  stubs.o ABSOLUTE
    _printf_llu                              0x00000000   Number         0  stubs.o ABSOLUTE
    _printf_llx                              0x00000000   Number         0  stubs.o ABSOLUTE
    _printf_longlong_dec                     0x00000000   Number         0  stubs.o ABSOLUTE
    _printf_longlong_hex                     0x00000000   Number         0  stubs.o ABSOLUTE
    _printf_longlong_oct                     0x00000000   Number         0  stubs.o ABSOLUTE
    _printf_ls                               0x00000000   Number         0  stubs.o ABSOLUTE
    _printf_mbtowc                           0x00000000   Number         0  stubs.o ABSOLUTE
    _printf_n                                0x00000000   Number         0  stubs.o ABSOLUTE
    _printf_o                                0x00000000   Number         0  stubs.o ABSOLUTE
    _printf_p                                0x00000000   Number         0  stubs.o ABSOLUTE
    _printf_percent                          0x00000000   Number         0  stubs.o ABSOLUTE
    _printf_pre_padding                      0x00000000   Number         0  stubs.o ABSOLUTE
    _printf_return_value                     0x00000000   Number         0  stubs.o ABSOLUTE
    _printf_s                                0x00000000   Number         0  stubs.o ABSOLUTE
    _printf_sizespec                         0x00000000   Number         0  stubs.o ABSOLUTE
    _printf_str                              0x00000000   Number         0  stubs.o ABSOLUTE
    _printf_truncate_signed                  0x00000000   Number         0  stubs.o ABSOLUTE
    _printf_truncate_unsigned                0x00000000   Number         0  stubs.o ABSOLUTE
    _printf_u                                0x00000000   Number         0  stubs.o ABSOLUTE
    _printf_wc                               0x00000000   Number         0  stubs.o ABSOLUTE
    _printf_wctomb                           0x00000000   Number         0  stubs.o ABSOLUTE
    _printf_widthprec                        0x00000000   Number         0  stubs.o ABSOLUTE
    _printf_x                                0x00000000   Number         0  stubs.o ABSOLUTE
    __cpp_initialize__aeabi_                  - Undefined Weak Reference
    __cxa_finalize                            - Undefined Weak Reference
    __decompress                              - Undefined Weak Reference
    _clock_init                               - Undefined Weak Reference
    _microlib_exit                            - Undefined Weak Reference
    __Vectors_Size                           0x000000ec   Number         0  startup_stm32f10x_md.o ABSOLUTE
    __Vectors                                0x08000000   Data           4  startup_stm32f10x_md.o(RESET)
    __Vectors_End                            0x080000ec   Data           0  startup_stm32f10x_md.o(RESET)
    __main                                   0x080000ed   Thumb Code     0  entry.o(.ARM.Collect$$$$00000000)
    _main_stk                                0x080000ed   Thumb Code     0  entry2.o(.ARM.Collect$$$$00000001)
    _main_scatterload                        0x080000f1   Thumb Code     0  entry5.o(.ARM.Collect$$$$00000004)
    __main_after_scatterload                 0x080000f5   Thumb Code     0  entry5.o(.ARM.Collect$$$$00000004)
    _main_clock                              0x080000f5   Thumb Code     0  entry7b.o(.ARM.Collect$$$$00000008)
    _main_cpp_init                           0x080000f5   Thumb Code     0  entry8b.o(.ARM.Collect$$$$0000000A)
    _main_init                               0x080000f5   Thumb Code     0  entry9a.o(.ARM.Collect$$$$0000000B)
    __rt_final_cpp                           0x080000fd   Thumb Code     0  entry10a.o(.ARM.Collect$$$$0000000D)
    __rt_final_exit                          0x080000fd   Thumb Code     0  entry11a.o(.ARM.Collect$$$$0000000F)
    Reset_Handler                            0x08000101   Thumb Code     8  startup_stm32f10x_md.o(.text)
    NMI_Handler                              0x08000109   Thumb Code     2  startup_stm32f10x_md.o(.text)
    HardFault_Handler                        0x0800010b   Thumb Code     2  startup_stm32f10x_md.o(.text)
    MemManage_Handler                        0x0800010d   Thumb Code     2  startup_stm32f10x_md.o(.text)
    BusFault_Handler                         0x0800010f   Thumb Code     2  startup_stm32f10x_md.o(.text)
    UsageFault_Handler                       0x08000111   Thumb Code     2  startup_stm32f10x_md.o(.text)
    SVC_Handler                              0x08000113   Thumb Code     2  startup_stm32f10x_md.o(.text)
    DebugMon_Handler                         0x08000115   Thumb Code     2  startup_stm32f10x_md.o(.text)
    PendSV_Handler                           0x08000117   Thumb Code     2  startup_stm32f10x_md.o(.text)
    SysTick_Handler                          0x08000119   Thumb Code     2  startup_stm32f10x_md.o(.text)
    ADC1_2_IRQHandler                        0x0800011b   Thumb Code     0  startup_stm32f10x_md.o(.text)
    CAN1_RX1_IRQHandler                      0x0800011b   Thumb Code     0  startup_stm32f10x_md.o(.text)
    CAN1_SCE_IRQHandler                      0x0800011b   Thumb Code     0  startup_stm32f10x_md.o(.text)
    DMA1_Channel1_IRQHandler                 0x0800011b   Thumb Code     0  startup_stm32f10x_md.o(.text)
    DMA1_Channel2_IRQHandler                 0x0800011b   Thumb Code     0  startup_stm32f10x_md.o(.text)
    DMA1_Channel3_IRQHandler                 0x0800011b   Thumb Code     0  startup_stm32f10x_md.o(.text)
    DMA1_Channel4_IRQHandler                 0x0800011b   Thumb Code     0  startup_stm32f10x_md.o(.text)
    DMA1_Channel5_IRQHandler                 0x0800011b   Thumb Code     0  startup_stm32f10x_md.o(.text)
    DMA1_Channel6_IRQHandler                 0x0800011b   Thumb Code     0  startup_stm32f10x_md.o(.text)
    DMA1_Channel7_IRQHandler                 0x0800011b   Thumb Code     0  startup_stm32f10x_md.o(.text)
    EXTI15_10_IRQHandler                     0x0800011b   Thumb Code     0  startup_stm32f10x_md.o(.text)
    EXTI1_IRQHandler                         0x0800011b   Thumb Code     0  startup_stm32f10x_md.o(.text)
    EXTI2_IRQHandler                         0x0800011b   Thumb Code     0  startup_stm32f10x_md.o(.text)
    EXTI3_IRQHandler                         0x0800011b   Thumb Code     0  startup_stm32f10x_md.o(.text)
    EXTI4_IRQHandler                         0x0800011b   Thumb Code     0  startup_stm32f10x_md.o(.text)
    EXTI9_5_IRQHandler                       0x0800011b   Thumb Code     0  startup_stm32f10x_md.o(.text)
    FLASH_IRQHandler                         0x0800011b   Thumb Code     0  startup_stm32f10x_md.o(.text)
    I2C1_ER_IRQHandler                       0x0800011b   Thumb Code     0  startup_stm32f10x_md.o(.text)
    I2C1_EV_IRQHandler                       0x0800011b   Thumb Code     0  startup_stm32f10x_md.o(.text)
    I2C2_ER_IRQHandler                       0x0800011b   Thumb Code     0  startup_stm32f10x_md.o(.text)
    I2C2_EV_IRQHandler                       0x0800011b   Thumb Code     0  startup_stm32f10x_md.o(.text)
    PVD_IRQHandler                           0x0800011b   Thumb Code     0  startup_stm32f10x_md.o(.text)
    RCC_IRQHandler                           0x0800011b   Thumb Code     0  startup_stm32f10x_md.o(.text)
    RTCAlarm_IRQHandler                      0x0800011b   Thumb Code     0  startup_stm32f10x_md.o(.text)
    RTC_IRQHandler                           0x0800011b   Thumb Code     0  startup_stm32f10x_md.o(.text)
    SPI1_IRQHandler                          0x0800011b   Thumb Code     0  startup_stm32f10x_md.o(.text)
    SPI2_IRQHandler                          0x0800011b   Thumb Code     0  startup_stm32f10x_md.o(.text)
    TAMPER_IRQHandler                        0x0800011b   Thumb Code     0  startup_stm32f10x_md.o(.text)
    TIM1_BRK_IRQHandler                      0x0800011b   Thumb Code     0  startup_stm32f10x_md.o(.text)
    TIM1_CC_IRQHandler                       0x0800011b   Thumb Code     0  startup_stm32f10x_md.o(.text)
    TIM1_TRG_COM_IRQHandler                  0x0800011b   Thumb Code     0  startup_stm32f10x_md.o(.text)
    TIM2_IRQHandler                          0x0800011b   Thumb Code     0  startup_stm32f10x_md.o(.text)
    TIM3_IRQHandler                          0x0800011b   Thumb Code     0  startup_stm32f10x_md.o(.text)
    TIM4_IRQHandler                          0x0800011b   Thumb Code     0  startup_stm32f10x_md.o(.text)
    USBWakeUp_IRQHandler                     0x0800011b   Thumb Code     0  startup_stm32f10x_md.o(.text)
    USB_HP_CAN1_TX_IRQHandler                0x0800011b   Thumb Code     0  startup_stm32f10x_md.o(.text)
    USB_LP_CAN1_RX0_IRQHandler               0x0800011b   Thumb Code     0  startup_stm32f10x_md.o(.text)
    WWDG_IRQHandler                          0x0800011b   Thumb Code     0  startup_stm32f10x_md.o(.text)
    __aeabi_uidiv                            0x08000125   Thumb Code     0  uidiv.o(.text)
    __aeabi_uidivmod                         0x08000125   Thumb Code    44  uidiv.o(.text)
    __scatterload                            0x08000151   Thumb Code    28  init.o(.text)
    __scatterload_rt2                        0x08000151   Thumb Code     0  init.o(.text)
    APPInitialize                            0x08000175   Thumb Code    14  app.o(i.APPInitialize)
    APPPoll                                  0x08000191   Thumb Code     8  app.o(i.APPPoll)
    CC1101Initialize                         0x08000199   Thumb Code    22  cc1101.o(i.CC1101Initialize)
    CC1101Poll                               0x080001b5   Thumb Code    34  cc1101.o(i.CC1101Poll)
    CC1101ReadID                             0x080001e9   Thumb Code    48  cc1101.o(i.CC1101ReadID)
    DMA_ClearFlag                            0x08000219   Thumb Code    18  stm32f10x_dma.o(i.DMA_ClearFlag)
    DMA_GetCurrDataCounter                   0x08000235   Thumb Code     8  stm32f10x_dma.o(i.DMA_GetCurrDataCounter)
    DMA_GetFlagStatus                        0x0800023d   Thumb Code    36  stm32f10x_dma.o(i.DMA_GetFlagStatus)
    EXTI0_IRQHandler                         0x08000269   Thumb Code    46  cc1101.o(i.EXTI0_IRQHandler)
    EXTI_ClearITPendingBit                   0x080002a5   Thumb Code     6  stm32f10x_exti.o(i.EXTI_ClearITPendingBit)
    EXTI_GetITStatus                         0x080002b1   Thumb Code    34  stm32f10x_exti.o(i.EXTI_GetITStatus)
    EXTI_Init                                0x080002d9   Thumb Code   142  stm32f10x_exti.o(i.EXTI_Init)
    GPIO_EXTILineConfig                      0x0800036d   Thumb Code    60  stm32f10x_gpio.o(i.GPIO_EXTILineConfig)
    GPIO_Init                                0x080003ad   Thumb Code   278  stm32f10x_gpio.o(i.GPIO_Init)
    GPIO_PinRemapConfig                      0x080004c5   Thumb Code   138  stm32f10x_gpio.o(i.GPIO_PinRemapConfig)
    GPIO_ReadInputDataBit                    0x08000555   Thumb Code    18  stm32f10x_gpio.o(i.GPIO_ReadInputDataBit)
    GPIO_WriteBit                            0x08000567   Thumb Code    10  stm32f10x_gpio.o(i.GPIO_WriteBit)
    HalGPIOConfig                            0x08000571   Thumb Code    62  halgpio.o(i.HalGPIOConfig)
    HalGPIOGetLevel                          0x080005af   Thumb Code    28  halgpio.o(i.HalGPIOGetLevel)
    HalGPIOInitialize                        0x080005cb   Thumb Code     2  halgpio.o(i.HalGPIOInitialize)
    HalGPIOPoll                              0x080005cd   Thumb Code     2  halgpio.o(i.HalGPIOPoll)
    HalGPIOSetLevel                          0x080005cf   Thumb Code    36  halgpio.o(i.HalGPIOSetLevel)
    HalInitialize                            0x080005f5   Thumb Code    58  halcommon.o(i.HalInitialize)
    HalPoll                                  0x08000659   Thumb Code    20  halcommon.o(i.HalPoll)
    HalSpiInitialize                         0x0800066d   Thumb Code   128  halspi.o(i.HalSpiInitialize)
    HalSpiPoll                               0x080006f5   Thumb Code     2  halspi.o(i.HalSpiPoll)
    HalSpiReadWrite                          0x080006f9   Thumb Code    50  halspi.o(i.HalSpiReadWrite)
    HalTimerInitialize                       0x08000731   Thumb Code   104  haltimer.o(i.HalTimerInitialize)
    HalTimerPast1ms                          0x0800079d   Thumb Code    12  halcommon.o(i.HalTimerPast1ms)
    HalUartConfig                            0x080007ad   Thumb Code   148  haluart.o(i.HalUartConfig)
    HalUartInitialize                        0x08000851   Thumb Code   244  haluart.o(i.HalUartInitialize)
    HalUartPoll                              0x08000951   Thumb Code    92  haluart.o(i.HalUartPoll)
    HalUartWrite                             0x080009b9   Thumb Code    66  haluart.o(i.HalUartWrite)
    NVIC_Init                                0x08000a05   Thumb Code   100  misc.o(i.NVIC_Init)
    NVIC_PriorityGroupConfig                 0x08000a75   Thumb Code    10  misc.o(i.NVIC_PriorityGroupConfig)
    RCC_AHBPeriphClockCmd                    0x08000a89   Thumb Code    26  stm32f10x_rcc.o(i.RCC_AHBPeriphClockCmd)
    RCC_APB1PeriphClockCmd                   0x08000aa9   Thumb Code    26  stm32f10x_rcc.o(i.RCC_APB1PeriphClockCmd)
    RCC_APB1PeriphResetCmd                   0x08000ac9   Thumb Code    26  stm32f10x_rcc.o(i.RCC_APB1PeriphResetCmd)
    RCC_APB2PeriphClockCmd                   0x08000ae9   Thumb Code    26  stm32f10x_rcc.o(i.RCC_APB2PeriphClockCmd)
    RCC_APB2PeriphResetCmd                   0x08000b09   Thumb Code    26  stm32f10x_rcc.o(i.RCC_APB2PeriphResetCmd)
    RCC_GetClocksFreq                        0x08000b29   Thumb Code   192  stm32f10x_rcc.o(i.RCC_GetClocksFreq)
    SPI_Cmd                                  0x08000bfd   Thumb Code    24  stm32f10x_spi.o(i.SPI_Cmd)
    SPI_I2S_ClearFlag                        0x08000c15   Thumb Code     6  stm32f10x_spi.o(i.SPI_I2S_ClearFlag)
    SPI_I2S_DeInit                           0x08000c1d   Thumb Code    76  stm32f10x_spi.o(i.SPI_I2S_DeInit)
    SPI_I2S_GetFlagStatus                    0x08000c75   Thumb Code    18  stm32f10x_spi.o(i.SPI_I2S_GetFlagStatus)
    SPI_I2S_ReceiveData                      0x08000c87   Thumb Code     6  stm32f10x_spi.o(i.SPI_I2S_ReceiveData)
    SPI_I2S_SendData                         0x08000c8d   Thumb Code     4  stm32f10x_spi.o(i.SPI_I2S_SendData)
    SPI_Init                                 0x08000c91   Thumb Code    60  stm32f10x_spi.o(i.SPI_Init)
    SystemInit                               0x08000db5   Thumb Code    78  system_stm32f10x.o(i.SystemInit)
    TIM1_UP_IRQHandler                       0x08000e15   Thumb Code    26  haltimer.o(i.TIM1_UP_IRQHandler)
    TIM_ClearITPendingBit                    0x08000e35   Thumb Code     6  stm32f10x_tim.o(i.TIM_ClearITPendingBit)
    TIM_Cmd                                  0x08000e3b   Thumb Code    24  stm32f10x_tim.o(i.TIM_Cmd)
    TIM_GetFlagStatus                        0x08000e53   Thumb Code    18  stm32f10x_tim.o(i.TIM_GetFlagStatus)
    TIM_ITConfig                             0x08000e65   Thumb Code    18  stm32f10x_tim.o(i.TIM_ITConfig)
    TIM_TimeBaseInit                         0x08000e79   Thumb Code   122  stm32f10x_tim.o(i.TIM_TimeBaseInit)
    USART1_IRQHandler                        0x08000f1d   Thumb Code    52  haluart.o(i.USART1_IRQHandler)
    USART2_IRQHandler                        0x08000f59   Thumb Code    52  haluart.o(i.USART2_IRQHandler)
    USART3_IRQHandler                        0x08000f95   Thumb Code    52  haluart.o(i.USART3_IRQHandler)
    USART_ClearITPendingBit                  0x08000fd1   Thumb Code    30  stm32f10x_usart.o(i.USART_ClearITPendingBit)
    USART_Cmd                                0x08000fef   Thumb Code    24  stm32f10x_usart.o(i.USART_Cmd)
    USART_GetFlagStatus                      0x08001007   Thumb Code    26  stm32f10x_usart.o(i.USART_GetFlagStatus)
    USART_GetITStatus                        0x08001021   Thumb Code    84  stm32f10x_usart.o(i.USART_GetITStatus)
    USART_ITConfig                           0x08001075   Thumb Code    74  stm32f10x_usart.o(i.USART_ITConfig)
    USART_Init                               0x080010c1   Thumb Code   210  stm32f10x_usart.o(i.USART_Init)
    USART_ReceiveData                        0x08001199   Thumb Code    10  stm32f10x_usart.o(i.USART_ReceiveData)
    USART_SendData                           0x080011a3   Thumb Code     8  stm32f10x_usart.o(i.USART_SendData)
    USART_StructInit                         0x080011ab   Thumb Code    24  stm32f10x_usart.o(i.USART_StructInit)
    __0printf$1                              0x080011c5   Thumb Code    22  printf1.o(i.__0printf$1)
    __1printf$1                              0x080011c5   Thumb Code     0  printf1.o(i.__0printf$1)
    __2printf                                0x080011c5   Thumb Code     0  printf1.o(i.__0printf$1)
    __scatterload_copy                       0x080011e5   Thumb Code    14  handlers.o(i.__scatterload_copy)
    __scatterload_null                       0x080011f3   Thumb Code     2  handlers.o(i.__scatterload_null)
    __scatterload_zeroinit                   0x080011f5   Thumb Code    14  handlers.o(i.__scatterload_zeroinit)
    fputc                                    0x08001445   Thumb Code    18  halcommon.o(i.fputc)
    main                                     0x08001625   Thumb Code    12  main.o(i.main)
    Region$$Table$$Base                      0x0800178c   Number         0  anon$$obj.o(Region$$Table)
    Region$$Table$$Limit                     0x080017ac   Number         0  anon$$obj.o(Region$$Table)
    __stdout                                 0x20000030   Data           4  stdout.o(.data)
    __initial_sp                             0x200004f8   Data           0  startup_stm32f10x_md.o(STACK)



==============================================================================

Memory Map of the image

  Image Entry point : 0x080000ed

  Load Region LR_IROM1 (Base: 0x08000000, Size: 0x000017e0, Max: 0x00010000, ABSOLUTE)

    Execution Region ER_IROM1 (Base: 0x08000000, Size: 0x000017ac, Max: 0x00010000, ABSOLUTE)

    Base Addr    Size         Type   Attr      Idx    E Section Name        Object

    0x08000000   0x000000ec   Data   RO         2114    RESET               startup_stm32f10x_md.o
    0x080000ec   0x00000000   Code   RO         2165  * .ARM.Collect$$$$00000000  mc_w.l(entry.o)
    0x080000ec   0x00000004   Code   RO         2431    .ARM.Collect$$$$00000001  mc_w.l(entry2.o)
    0x080000f0   0x00000004   Code   RO         2434    .ARM.Collect$$$$00000004  mc_w.l(entry5.o)
    0x080000f4   0x00000000   Code   RO         2436    .ARM.Collect$$$$00000008  mc_w.l(entry7b.o)
    0x080000f4   0x00000000   Code   RO         2438    .ARM.Collect$$$$0000000A  mc_w.l(entry8b.o)
    0x080000f4   0x00000008   Code   RO         2439    .ARM.Collect$$$$0000000B  mc_w.l(entry9a.o)
    0x080000fc   0x00000000   Code   RO         2441    .ARM.Collect$$$$0000000D  mc_w.l(entry10a.o)
    0x080000fc   0x00000000   Code   RO         2443    .ARM.Collect$$$$0000000F  mc_w.l(entry11a.o)
    0x080000fc   0x00000004   Code   RO         2432    .ARM.Collect$$$$00002712  mc_w.l(entry2.o)
    0x08000100   0x00000024   Code   RO         2115    .text               startup_stm32f10x_md.o
    0x08000124   0x0000002c   Code   RO         2446    .text               mc_w.l(uidiv.o)
    0x08000150   0x00000024   Code   RO         2461    .text               mc_w.l(init.o)
    0x08000174   0x0000001c   Code   RO            4    i.APPInitialize     app.o
    0x08000190   0x00000008   Code   RO            5    i.APPPoll           app.o
    0x08000198   0x0000001c   Code   RO          488    i.CC1101Initialize  cc1101.o
    0x080001b4   0x00000034   Code   RO          489    i.CC1101Poll        cc1101.o
    0x080001e8   0x00000030   Code   RO          490    i.CC1101ReadID      cc1101.o
    0x08000218   0x0000001c   Code   RO         2028    i.DMA_ClearFlag     stm32f10x_dma.o
    0x08000234   0x00000008   Code   RO         2032    i.DMA_GetCurrDataCounter  stm32f10x_dma.o
    0x0800023c   0x0000002c   Code   RO         2033    i.DMA_GetFlagStatus  stm32f10x_dma.o
    0x08000268   0x0000003c   Code   RO          492    i.EXTI0_IRQHandler  cc1101.o
    0x080002a4   0x0000000c   Code   RO          654    i.EXTI_ClearITPendingBit  stm32f10x_exti.o
    0x080002b0   0x00000028   Code   RO          658    i.EXTI_GetITStatus  stm32f10x_exti.o
    0x080002d8   0x00000094   Code   RO          659    i.EXTI_Init         stm32f10x_exti.o
    0x0800036c   0x00000040   Code   RO          725    i.GPIO_EXTILineConfig  stm32f10x_gpio.o
    0x080003ac   0x00000116   Code   RO          728    i.GPIO_Init         stm32f10x_gpio.o
    0x080004c2   0x00000002   PAD
    0x080004c4   0x00000090   Code   RO          730    i.GPIO_PinRemapConfig  stm32f10x_gpio.o
    0x08000554   0x00000012   Code   RO          732    i.GPIO_ReadInputDataBit  stm32f10x_gpio.o
    0x08000566   0x0000000a   Code   RO          739    i.GPIO_WriteBit     stm32f10x_gpio.o
    0x08000570   0x0000003e   Code   RO          228    i.HalGPIOConfig     halgpio.o
    0x080005ae   0x0000001c   Code   RO          229    i.HalGPIOGetLevel   halgpio.o
    0x080005ca   0x00000002   Code   RO          230    i.HalGPIOInitialize  halgpio.o
    0x080005cc   0x00000002   Code   RO          231    i.HalGPIOPoll       halgpio.o
    0x080005ce   0x00000024   Code   RO          232    i.HalGPIOSetLevel   halgpio.o
    0x080005f2   0x00000002   PAD
    0x080005f4   0x00000064   Code   RO          118    i.HalInitialize     halcommon.o
    0x08000658   0x00000014   Code   RO          121    i.HalPoll           halcommon.o
    0x0800066c   0x00000088   Code   RO          286    i.HalSpiInitialize  halspi.o
    0x080006f4   0x00000002   Code   RO          287    i.HalSpiPoll        halspi.o
    0x080006f6   0x00000002   PAD
    0x080006f8   0x00000038   Code   RO          288    i.HalSpiReadWrite   halspi.o
    0x08000730   0x0000006c   Code   RO          326    i.HalTimerInitialize  haltimer.o
    0x0800079c   0x00000010   Code   RO          124    i.HalTimerPast1ms   halcommon.o
    0x080007ac   0x000000a4   Code   RO          370    i.HalUartConfig     haluart.o
    0x08000850   0x00000100   Code   RO          372    i.HalUartInitialize  haluart.o
    0x08000950   0x00000068   Code   RO          373    i.HalUartPoll       haluart.o
    0x080009b8   0x0000004c   Code   RO          374    i.HalUartWrite      haluart.o
    0x08000a04   0x00000070   Code   RO          605    i.NVIC_Init         misc.o
    0x08000a74   0x00000014   Code   RO          606    i.NVIC_PriorityGroupConfig  misc.o
    0x08000a88   0x00000020   Code   RO          906    i.RCC_AHBPeriphClockCmd  stm32f10x_rcc.o
    0x08000aa8   0x00000020   Code   RO          907    i.RCC_APB1PeriphClockCmd  stm32f10x_rcc.o
    0x08000ac8   0x00000020   Code   RO          908    i.RCC_APB1PeriphResetCmd  stm32f10x_rcc.o
    0x08000ae8   0x00000020   Code   RO          909    i.RCC_APB2PeriphClockCmd  stm32f10x_rcc.o
    0x08000b08   0x00000020   Code   RO          910    i.RCC_APB2PeriphResetCmd  stm32f10x_rcc.o
    0x08000b28   0x000000d4   Code   RO          917    i.RCC_GetClocksFreq  stm32f10x_rcc.o
    0x08000bfc   0x00000018   Code   RO         1122    i.SPI_Cmd           stm32f10x_spi.o
    0x08000c14   0x00000006   Code   RO         1126    i.SPI_I2S_ClearFlag  stm32f10x_spi.o
    0x08000c1a   0x00000002   PAD
    0x08000c1c   0x00000058   Code   RO         1129    i.SPI_I2S_DeInit    stm32f10x_spi.o
    0x08000c74   0x00000012   Code   RO         1130    i.SPI_I2S_GetFlagStatus  stm32f10x_spi.o
    0x08000c86   0x00000006   Code   RO         1133    i.SPI_I2S_ReceiveData  stm32f10x_spi.o
    0x08000c8c   0x00000004   Code   RO         1134    i.SPI_I2S_SendData  stm32f10x_spi.o
    0x08000c90   0x0000003c   Code   RO         1135    i.SPI_Init          stm32f10x_spi.o
    0x08000ccc   0x00000008   Code   RO         2122    i.SetSysClock       system_stm32f10x.o
    0x08000cd4   0x000000e0   Code   RO         2123    i.SetSysClockTo72   system_stm32f10x.o
    0x08000db4   0x00000060   Code   RO         2125    i.SystemInit        system_stm32f10x.o
    0x08000e14   0x00000020   Code   RO          328    i.TIM1_UP_IRQHandler  haltimer.o
    0x08000e34   0x00000006   Code   RO         1287    i.TIM_ClearITPendingBit  stm32f10x_tim.o
    0x08000e3a   0x00000018   Code   RO         1292    i.TIM_Cmd           stm32f10x_tim.o
    0x08000e52   0x00000012   Code   RO         1312    i.TIM_GetFlagStatus  stm32f10x_tim.o
    0x08000e64   0x00000012   Code   RO         1317    i.TIM_ITConfig      stm32f10x_tim.o
    0x08000e76   0x00000002   PAD
    0x08000e78   0x000000a4   Code   RO         1363    i.TIM_TimeBaseInit  stm32f10x_tim.o
    0x08000f1c   0x0000003c   Code   RO          375    i.USART1_IRQHandler  haluart.o
    0x08000f58   0x0000003c   Code   RO          376    i.USART2_IRQHandler  haluart.o
    0x08000f94   0x0000003c   Code   RO          377    i.USART3_IRQHandler  haluart.o
    0x08000fd0   0x0000001e   Code   RO         1837    i.USART_ClearITPendingBit  stm32f10x_usart.o
    0x08000fee   0x00000018   Code   RO         1840    i.USART_Cmd         stm32f10x_usart.o
    0x08001006   0x0000001a   Code   RO         1843    i.USART_GetFlagStatus  stm32f10x_usart.o
    0x08001020   0x00000054   Code   RO         1844    i.USART_GetITStatus  stm32f10x_usart.o
    0x08001074   0x0000004a   Code   RO         1846    i.USART_ITConfig    stm32f10x_usart.o
    0x080010be   0x00000002   PAD
    0x080010c0   0x000000d8   Code   RO         1847    i.USART_Init        stm32f10x_usart.o
    0x08001198   0x0000000a   Code   RO         1854    i.USART_ReceiveData  stm32f10x_usart.o
    0x080011a2   0x00000008   Code   RO         1857    i.USART_SendData    stm32f10x_usart.o
    0x080011aa   0x00000018   Code   RO         1863    i.USART_StructInit  stm32f10x_usart.o
    0x080011c2   0x00000002   PAD
    0x080011c4   0x00000020   Code   RO         2215    i.__0printf$1       mc_w.l(printf1.o)
    0x080011e4   0x0000000e   Code   RO         2473    i.__scatterload_copy  mc_w.l(handlers.o)
    0x080011f2   0x00000002   Code   RO         2474    i.__scatterload_null  mc_w.l(handlers.o)
    0x080011f4   0x0000000e   Code   RO         2475    i.__scatterload_zeroinit  mc_w.l(handlers.o)
    0x08001202   0x00000002   PAD
    0x08001204   0x00000154   Code   RO         2222    i._printf_core      mc_w.l(printf1.o)
    0x08001358   0x00000050   Code   RO          125    i.cc1101DataHandle  halcommon.o
    0x080013a8   0x00000064   Code   RO          493    i.chipReset         cc1101.o
    0x0800140c   0x00000022   Code   RO          126    i.debugUartInit     halcommon.o
    0x0800142e   0x00000016   Code   RO          494    i.delay             cc1101.o
    0x08001444   0x00000012   Code   RO          127    i.fputc             halcommon.o
    0x08001456   0x00000048   Code   RO          495    i.halRfReceivePacket  cc1101.o
    0x0800149e   0x00000046   Code   RO          496    i.halSpiReadBurstReg  cc1101.o
    0x080014e4   0x00000034   Code   RO          497    i.halSpiReadReg     cc1101.o
    0x08001518   0x00000036   Code   RO          498    i.halSpiReadStatus  cc1101.o
    0x0800154e   0x00000028   Code   RO          499    i.halSpiStrobe      cc1101.o
    0x08001576   0x00000030   Code   RO          501    i.halSpiWriteReg    cc1101.o
    0x080015a6   0x0000000e   Code   RO          233    i.ioToPin           halgpio.o
    0x080015b4   0x0000004c   Code   RO          234    i.ioToPort          halgpio.o
    0x08001600   0x00000024   Code   RO          128    i.ledConfig         halcommon.o
    0x08001624   0x0000000c   Code   RO           94    i.main              main.o
    0x08001630   0x0000004c   Code   RO          129    i.periphClockInit   halcommon.o
    0x0800167c   0x00000040   Code   RO          502    i.pinExtiConfig     cc1101.o
    0x080016bc   0x000000ce   Code   RO          503    i.regsConfig        cc1101.o
    0x0800178a   0x00000002   PAD
    0x0800178c   0x00000020   Data   RO         2471    Region$$Table       anon$$obj.o


    Execution Region RW_IRAM1 (Base: 0x20000000, Size: 0x000004f8, Max: 0x00005000, ABSOLUTE)

    Base Addr    Size         Type   Attr      Idx    E Section Name        Object

    0x20000000   0x00000006   Data   RW          130    .data               halcommon.o
    0x20000006   0x00000002   PAD
    0x20000008   0x0000000a   Data   RW          380    .data               haluart.o
    0x20000012   0x00000002   PAD
    0x20000014   0x00000008   Data   RW          506    .data               cc1101.o
    0x2000001c   0x00000014   Data   RW          937    .data               stm32f10x_rcc.o
    0x20000030   0x00000004   Data   RW         2445    .data               mc_w.l(stdout.o)
    0x20000034   0x00000040   Zero   RW          379    .bss                haluart.o
    0x20000074   0x00000080   Zero   RW          505    .bss                cc1101.o
    0x200000f4   0x00000004   PAD
    0x200000f8   0x00000400   Zero   RW         2112    STACK               startup_stm32f10x_md.o


==============================================================================

Image component sizes


      Code (inc. data)   RO Data    RW Data    ZI Data      Debug   Object Name

        36         14          0          0          0     233194   app.o
       916         38          0          8        128       9986   cc1101.o
       380         66          0          6          0      27351   halcommon.o
       220         36          0          0          0       3606   halgpio.o
       194         14          0          0          0       8374   halspi.o
       140         10          0          0          0      21326   haltimer.o
       780         74          0         10         64       4545   haluart.o
        12          0          0          0          0        403   main.o
       132         22          0          0          0       1359   misc.o
        36          8        236          0       1024        800   startup_stm32f10x_md.o
        80         18          0          0          0      12905   stm32f10x_dma.o
       200         18          0          0          0       4048   stm32f10x_exti.o
       514         10          0          0          0       4260   stm32f10x_gpio.o
       372         50          0         20          0       5720   stm32f10x_rcc.o
       206         12          0          0          0      11403   stm32f10x_spi.o
       230         42          0          0          0       3140   stm32f10x_tim.o
       496          6          0          0          0       6742   stm32f10x_usart.o
       328         28          0          0          0       1925   system_stm32f10x.o

    ----------------------------------------------------------------------
      5288        466        268         48       1220     361087   Object Totals
         0          0         32          0          0          0   (incl. Generated)
        16          0          0          4          4          0   (incl. Padding)

    ----------------------------------------------------------------------

      Code (inc. data)   RO Data    RW Data    ZI Data      Debug   Library Member Name

         0          0          0          0          0          0   entry.o
         0          0          0          0          0          0   entry10a.o
         0          0          0          0          0          0   entry11a.o
         8          4          0          0          0          0   entry2.o
         4          0          0          0          0          0   entry5.o
         0          0          0          0          0          0   entry7b.o
         0          0          0          0          0          0   entry8b.o
         8          4          0          0          0          0   entry9a.o
        30          0          0          0          0          0   handlers.o
        36          8          0          0          0         68   init.o
       372         14          0          0          0        184   printf1.o
         0          0          0          4          0          0   stdout.o
        44          0          0          0          0         80   uidiv.o

    ----------------------------------------------------------------------
       504         30          0          4          0        332   Library Totals
         2          0          0          0          0          0   (incl. Padding)

    ----------------------------------------------------------------------

      Code (inc. data)   RO Data    RW Data    ZI Data      Debug   Library Name

       502         30          0          4          0        332   mc_w.l

    ----------------------------------------------------------------------
       504         30          0          4          0        332   Library Totals

    ----------------------------------------------------------------------

==============================================================================


      Code (inc. data)   RO Data    RW Data    ZI Data      Debug   

      5792        496        268         52       1220     357151   Grand Totals
      5792        496        268         52       1220     357151   ELF Image Totals
      5792        496        268         52          0          0   ROM Totals

==============================================================================

    Total RO  Size (Code + RO Data)                 6060 (   5.92kB)
    Total RW  Size (RW Data + ZI Data)              1272 (   1.24kB)
    Total ROM Size (Code + RO Data + RW Data)       6112 (   5.97kB)

==============================================================================

